Archive member included because of file (symbol)

./../Platform/Sensors/debug/libSensors_efm32_debug.a(Environmental.o)
                              C:/Users/BAS/XDK-Workspace/MQTT/debug/objects/MQTT.o (Environmental_init)
./../Platform/Sensors/debug/libSensors_efm32_debug.a(EnvironmentalUtils.o)
                              ./../Platform/Sensors/debug/libSensors_efm32_debug.a(Environmental.o) (SetAmbientTemperatureOffset)
./../Platform/BSP/debug/libBSP_efm32_debug.a(BSP_LED.o)
                              C:/Users/BAS/XDK-Workspace/MQTT/debug/objects/source/SystemStartup.o (BSP_LED_Connect)
./../Platform/BSP/debug/libBSP_efm32_debug.a(BSP_Board.o)
                              C:/Users/BAS/XDK-Workspace/MQTT/debug/objects/source/SystemStartup.o (BSP_Board_OSTickInitialize)
./../Platform/BSP/debug/libBSP_efm32_debug.a(BSP_USB.o)
                              ./../Platform/BSP/debug/libBSP_efm32_debug.a(BSP_Board.o) (USB_init)
./../Platform/BSP/debug/libBSP_efm32_debug.a(BSP_DMA.o)
                              ./../Platform/BSP/debug/libBSP_efm32_debug.a(BSP_Board.o) (BSP_DMA_Initialize)
./../Platform/BSP/debug/libBSP_efm32_debug.a(BSP_IrqHandler.o)
                              ./../Platform/BSP/debug/libBSP_efm32_debug.a(BSP_Board.o) (IrqHandler_SysTickDummyHandler)
./../Platform/BSP/debug/libBSP_efm32_debug.a(BSP_ExtensionPort.o)
                              ./../Platform/BSP/debug/libBSP_efm32_debug.a(BSP_IrqHandler.o) (BSP_ExtensionPort_I2cIsr)
./../Platform/BSP/debug/libBSP_efm32_debug.a(BSP_WiFi_cc3100mod.o)
                              ./../Platform/BSP/debug/libBSP_efm32_debug.a(BSP_IrqHandler.o) (WiFi_CC3100MOD_SPIRxISR)
./../Platform/BSP/debug/libBSP_efm32_debug.a(BSP_BT_EM9301.o)
                              ./../Platform/BSP/debug/libBSP_efm32_debug.a(BSP_IrqHandler.o) (BT_EM9301_UART_TxISR)
./../Platform/BSP/debug/libBSP_efm32_debug.a(BSP_SensorNode.o)
                              ./../Platform/BSP/debug/libBSP_efm32_debug.a(BSP_IrqHandler.o) (SensorNode_I2CISR)
./../Platform/BSP/debug/libBSP_efm32_debug.a(BSP_SDCard.o)
                              ./../Platform/BSP/debug/libBSP_efm32_debug.a(BSP_IrqHandler.o) (SDCard_SPIRxISR)
./../Libraries/FreeRTOS/debug/libFreeRTOS_efm32_debug.a(tasks.o)
                              C:/Users/BAS/XDK-Workspace/MQTT/debug/objects/Main.o (vTaskStartScheduler)
./../Libraries/FreeRTOS/debug/libFreeRTOS_efm32_debug.a(timers.o)
                              ./../Libraries/FreeRTOS/debug/libFreeRTOS_efm32_debug.a(tasks.o) (xTimerCreateTimerTask)
./../Libraries/FreeRTOS/debug/libFreeRTOS_efm32_debug.a(heap_4.o)
                              ./../Libraries/FreeRTOS/debug/libFreeRTOS_efm32_debug.a(tasks.o) (pvPortMalloc)
./../Libraries/FreeRTOS/debug/libFreeRTOS_efm32_debug.a(port.o)
                              ./../Libraries/FreeRTOS/debug/libFreeRTOS_efm32_debug.a(tasks.o) (pxPortInitialiseStack)
./../Libraries/FreeRTOS/debug/libFreeRTOS_efm32_debug.a(list.o)
                              ./../Libraries/FreeRTOS/debug/libFreeRTOS_efm32_debug.a(tasks.o) (vListInitialise)
./../Libraries/FreeRTOS/debug/libFreeRTOS_efm32_debug.a(queue.o)
                              ./../Libraries/FreeRTOS/debug/libFreeRTOS_efm32_debug.a(timers.o) (xQueueGenericCreate)
./../Libraries/EMlib/debug/libEMLib_efm32_debug.a(em_adc.o)
                              ./../Platform/BSP/debug/libBSP_efm32_debug.a(BSP_Board.o) (ADC_Init)
./../Libraries/EMlib/debug/libEMLib_efm32_debug.a(em_cmu.o)
                              ./../Platform/BSP/debug/libBSP_efm32_debug.a(BSP_Board.o) (CMU_ClockDivSet)
./../Libraries/EMlib/debug/libEMLib_efm32_debug.a(em_msc.o)
                              ./../Platform/BSP/debug/libBSP_efm32_debug.a(BSP_Board.o) (MSC_Init)
./../Libraries/EMlib/debug/libEMLib_efm32_debug.a(em_dma.o)
                              ./../Platform/BSP/debug/libBSP_efm32_debug.a(BSP_DMA.o) (DMA_Reset)
./../Libraries/EMlib/debug/libEMLib_efm32_debug.a(em_emu.o)
                              ./../Libraries/EMlib/debug/libEMLib_efm32_debug.a(em_cmu.o) (EMU_UpdateOscConfig)
./../Libraries/EMlib/debug/libEMLib_efm32_debug.a(em_gpio.o)
                              ./../Platform/BSP/debug/libBSP_efm32_debug.a(BSP_Board.o) (GPIO_DriveModeSet)
./../Libraries/EMlib/debug/libEMLib_efm32_debug.a(em_int.o)
                              C:/Users/BAS/XDK-Workspace/MQTT/debug/objects/./../Libraries/EMlib/3rd-party/EMLib/usb/src/em_usbdint.o (INT_LockCnt)
./../Libraries/EMlib/debug/libEMLib_efm32_debug.a(em_i2c.o)
                              ./../Platform/BSP/debug/libBSP_efm32_debug.a(BSP_ExtensionPort.o) (I2C_Enable)
./../Libraries/EMlib/debug/libEMLib_efm32_debug.a(em_usart.o)
                              ./../Platform/BSP/debug/libBSP_efm32_debug.a(BSP_Board.o) (USART_BaudrateSyncSet)
./../Libraries/EMlib/debug/libEMLib_efm32_debug.a(em_system.o)
[...]
Memory Configuration

Name             Origin             Length             Attributes
FLASH            0x00020200         0x000dfe00         xr
RAM              0x20000000         0x00020000         xrw
*default*        0x00000000         0xffffffff

Linker script and memory map

LOAD c:/xdk-workbench/xdk/armgcc/bin/../lib/gcc/arm-none-eabi/4.7.4/armv7-m/crti.o
LOAD c:/xdk-workbench/xdk/armgcc/bin/../lib/gcc/arm-none-eabi/4.7.4/armv7-m/crtbegin.o
LOAD c:/xdk-workbench/xdk/armgcc/bin/../lib/gcc/arm-none-eabi/4.7.4/../../../../arm-none-eabi/lib/armv7-m/crt0.o
LOAD C:/Users/BAS/XDK-Workspace/MQTT/debug/objects/source/Assert.o
LOAD C:/Users/BAS/XDK-Workspace/MQTT/debug/objects/source/RetargetStdio.o
LOAD C:/Users/BAS/XDK-Workspace/MQTT/debug/objects/source/BleDeviceInfoService.o
LOAD C:/Users/BAS/XDK-Workspace/MQTT/debug/objects/source/cJSON.o
LOAD C:/Users/BAS/XDK-Workspace/MQTT/debug/objects/source/UsbResetUtility.o
LOAD C:/Users/BAS/XDK-Workspace/MQTT/debug/objects/source/SensorHandle.o
LOAD C:/Users/BAS/XDK-Workspace/MQTT/debug/objects/source/SystemStartup.o
LOAD C:/Users/BAS/XDK-Workspace/MQTT/debug/objects/source/XdkVersion.o
LOAD C:/Users/BAS/XDK-Workspace/MQTT/debug/objects/legacy/source/ServalPAL_WiFi.o
LOAD C:/Users/BAS/XDK-Workspace/MQTT/debug/objects/./../Libraries/EMlib/3rd-party/EMLib/usb/src/em_usbdint.o
LOAD C:/Users/BAS/XDK-Workspace/MQTT/debug/objects/Main.o
LOAD C:/Users/BAS/XDK-Workspace/MQTT/debug/objects/MQTT.o
LOAD C:/Users/BAS/XDK-Workspace/MQTT/debug/objects/startup_efm32gg.o
START GROUP
LOAD ./../Platform/SensorUtils/debug/libSensorUtils_efm32_debug.a
LOAD ./../Platform/Sensors/debug/libSensors_efm32_debug.a
LOAD ./../Platform/BSP/debug/libBSP_efm32_debug.a
LOAD ./../Libraries/FreeRTOS/debug/libFreeRTOS_efm32_debug.a
LOAD ./../Libraries/EMlib/debug/libEMLib_efm32_debug.a
LOAD ./../Libraries/BSTLib/debug/libBSTLib_efm32_debug.a
LOAD ./../Libraries/WiFi/debug/libWiFi_efm32_debug.a
LOAD ./../Libraries/FATfs/debug/libFATfs_efm32_debug.a
LOAD ./../Platform/Essentials/release/libEssentials_efm32.a
LOAD ./../Platform/Utils/release/libUtils_efm32.a
LOAD ./../Platform/Drivers/release/libDrivers_efm32.a
LOAD ./../Platform/FOTA/release/libFOTA_efm32.a
LOAD ./../Platform/Wlan/release/libWlan_efm32.a
LOAD ./../Platform/BLE/release/libBLE_efm32.a
LOAD ./../Platform/SensorToolbox/release/libSensorToolbox_efm32.a
LOAD ./../Libraries/BLEStack/3rd-party/Alpwise/ALPW-BLESDKCM3/BLESW_AlertNotification/Libraries/BLESW_ANP_Server_CM3.a
LOAD ./../Libraries/BLEStack/3rd-party/Alpwise/ALPW-BLESDKCM3/BLESW_AlertNotification/Libraries/BLESW_ANP_Client_CM3.a
LOAD ./../Libraries/BLEStack/3rd-party/Alpwise/ALPW-BLESDKCM3/BLESW_ALPWDataExchange/Libraries/BLESW_ALPWDEP_Server_CM3.a
LOAD ./../Libraries/BLEStack/3rd-party/Alpwise/ALPW-BLESDKCM3/BLESW_ALPWDataExchange/Libraries/BLESW_ALPWDEP_Client_CM3.a
LOAD ./../Libraries/BLEStack/3rd-party/Alpwise/ALPW-BLESDKCM3/BLESW_AppleNotificationCenter/Libraries/BLESW_ANCP_Consumer_CM3.a
LOAD ./../Libraries/BLEStack/3rd-party/Alpwise/ALPW-BLESDKCM3/BLESW_BloodPressure/Libraries/BLESW_BLP_Sensor_CM3.a
LOAD ./../Libraries/BLEStack/3rd-party/Alpwise/ALPW-BLESDKCM3/BLESW_BloodPressure/Libraries/BLESW_BLP_Collector_CM3.a
LOAD ./../Libraries/BLEStack/3rd-party/Alpwise/ALPW-BLESDKCM3/BLESW_CoreStack/Libraries/BLESW_CPS_CM3.a
LOAD ./../Libraries/BLEStack/3rd-party/Alpwise/ALPW-BLESDKCM3/BLESW_CoreStack/Libraries/BLESW_CoreStack_CM3.a
LOAD ./../Libraries/BLEStack/3rd-party/Alpwise/ALPW-BLESDKCM3/BLESW_CoreStack/Libraries/BLESW_CSCS_CM3.a
LOAD ./../Libraries/BLEStack/3rd-party/Alpwise/ALPW-BLESDKCM3/BLESW_CoreStack/Libraries/BLESW_RTUS_CM3.a
LOAD ./../Libraries/BLEStack/3rd-party/Alpwise/ALPW-BLESDKCM3/BLESW_CoreStack/Libraries/BLESW_HRS_CM3.a
LOAD ./../Libraries/BLEStack/3rd-party/Alpwise/ALPW-BLESDKCM3/BLESW_CoreStack/Libraries/BLESW_CTS_CM3.a
LOAD ./../Libraries/BLEStack/3rd-party/Alpwise/ALPW-BLESDKCM3/BLESW_CoreStack/Libraries/BLESW_CoreStack_Monitor_CM3.a
LOAD ./../Libraries/BLEStack/3rd-party/Alpwise/ALPW-BLESDKCM3/BLESW_CoreStack/Libraries/BLESW_UDS_CM3.a
LOAD ./../Libraries/BLEStack/3rd-party/Alpwise/ALPW-BLESDKCM3/BLESW_CoreStack/Libraries/BLESW_NDCS_CM3.a
LOAD ./../Libraries/BLEStack/3rd-party/Alpwise/ALPW-BLESDKCM3/BLESW_CoreStack/Libraries/BLESW_TPS_CM3.a
LOAD ./../Libraries/BLEStack/3rd-party/Alpwise/ALPW-BLESDKCM3/BLESW_CoreStack/Libraries/BLESW_BLS_CM3.a
LOAD ./../Libraries/BLEStack/3rd-party/Alpwise/ALPW-BLESDKCM3/BLESW_CoreStack/Libraries/BLESW_LNS_CM3.a
LOAD ./../Libraries/BLEStack/3rd-party/Alpwise/ALPW-BLESDKCM3/BLESW_CoreStack/Libraries/BLESW_LLS_CM3.a
LOAD ./../Libraries/BLEStack/3rd-party/Alpwise/ALPW-BLESDKCM3/BLESW_CoreStack/Libraries/BLESW_WSS_CM3.a
LOAD ./../Libraries/BLEStack/3rd-party/Alpwise/ALPW-BLESDKCM3/BLESW_CoreStack/Libraries/BLESW_RSCS_CM3.a
LOAD ./../Libraries/BLEStack/3rd-party/Alpwise/ALPW-BLESDKCM3/BLESW_CoreStack/Libraries/BLESW_BAS_CM3.a
LOAD ./../Libraries/BLEStack/3rd-party/Alpwise/ALPW-BLESDKCM3/BLESW_CoreStack/Libraries/BLESW_IAS_CM3.a
LOAD ./../Libraries/BLEStack/3rd-party/Alpwise/ALPW-BLESDKCM3/BLESW_CoreStack/Libraries/BLESW_PASS_CM3.a
LOAD ./../Libraries/BLEStack/3rd-party/Alpwise/ALPW-BLESDKCM3/BLESW_CoreStack/Libraries/BLESW_HTS_CM3.a
LOAD ./../Libraries/BLEStack/3rd-party/Alpwise/ALPW-BLESDKCM3/BLESW_CoreStack/Libraries/BLESW_ALPWDES_CM3.a
LOAD ./../Libraries/BLEStack/3rd-party/Alpwise/ALPW-BLESDKCM3/BLESW_CoreStack/Libraries/BLESW_BCS_CM3.a
LOAD ./../Libraries/BLEStack/3rd-party/Alpwise/ALPW-BLESDKCM3/BLESW_CoreStack/Libraries/BLESW_ANS_CM3.a
LOAD ./../Libraries/BLEStack/3rd-party/Alpwise/ALPW-BLESDKCM3/BLESW_CoreStack/Libraries/BLESW_HIDS_CM3.a
LOAD ./../Libraries/BLEStack/3rd-party/Alpwise/ALPW-BLESDKCM3/BLESW_CoreStack/Libraries/BLESW_GLS_CM3.a
LOAD ./../Libraries/BLEStack/3rd-party/Alpwise/ALPW-BLESDKCM3/BLESW_CoreStack/Libraries/BLESW_NWAS_CM3.a
LOAD ./../Libraries/BLEStack/3rd-party/Alpwise/ALPW-BLESDKCM3/BLESW_CoreStack/Libraries/BLESW_DIS_CM3.a
LOAD ./../Libraries/BLEStack/3rd-party/Alpwise/ALPW-BLESDKCM3/BLESW_CyclingPower/Libraries/BLESW_CPP_Sensor_CM3.a
LOAD ./../Libraries/BLEStack/3rd-party/Alpwise/ALPW-BLESDKCM3/BLESW_CyclingPower/Libraries/BLESW_CPP_Collector_CM3.a
LOAD ./../Libraries/BLEStack/3rd-party/Alpwise/ALPW-BLESDKCM3/BLESW_CyclingSpeedAndCadence/Libraries/BLESW_CSCP_Sensor_CM3.a
LOAD ./../Libraries/BLEStack/3rd-party/Alpwise/ALPW-BLESDKCM3/BLESW_CyclingSpeedAndCadence/Libraries/BLESW_CSCP_Collector_CM3.a
LOAD ./../Libraries/BLEStack/3rd-party/Alpwise/ALPW-BLESDKCM3/BLESW_FindMe/Libraries/BLESW_FMP_Target_CM3.a
LOAD ./../Libraries/BLEStack/3rd-party/Alpwise/ALPW-BLESDKCM3/BLESW_FindMe/Libraries/BLESW_FMP_Locator_CM3.a
LOAD ./../Libraries/BLEStack/3rd-party/Alpwise/ALPW-BLESDKCM3/BLESW_Glucose/Libraries/BLESW_GLP_Sensor_CM3.a
LOAD ./../Libraries/BLEStack/3rd-party/Alpwise/ALPW-BLESDKCM3/BLESW_Glucose/Libraries/BLESW_GLP_Collector_CM3.a
LOAD ./../Libraries/BLEStack/3rd-party/Alpwise/ALPW-BLESDKCM3/BLESW_HealthThermometer/Libraries/BLESW_HTP_Thermometer_CM3.a
LOAD ./../Libraries/BLEStack/3rd-party/Alpwise/ALPW-BLESDKCM3/BLESW_HealthThermometer/Libraries/BLESW_HTP_Collector_CM3.a
LOAD ./../Libraries/BLEStack/3rd-party/Alpwise/ALPW-BLESDKCM3/BLESW_HeartRate/Libraries/BLESW_HRP_Sensor_CM3.a
LOAD ./../Libraries/BLEStack/3rd-party/Alpwise/ALPW-BLESDKCM3/BLESW_HeartRate/Libraries/BLESW_HRP_Collector_CM3.a
LOAD ./../Libraries/BLEStack/3rd-party/Alpwise/ALPW-BLESDKCM3/BLESW_HumanInterfaceDevice/Libraries/BLESW_HID_Device_CM3.a
LOAD ./../Libraries/BLEStack/3rd-party/Alpwise/ALPW-BLESDKCM3/BLESW_HumanInterfaceDevice/Libraries/BLESW_HID_Host_CM3.a
LOAD ./../Libraries/BLEStack/3rd-party/Alpwise/ALPW-BLESDKCM3/BLESW_iBeacon/Libraries/BLESW_IBN_Reporter_CM3.a
LOAD ./../Libraries/BLEStack/3rd-party/Alpwise/ALPW-BLESDKCM3/BLESW_LocationAndNavigation/Libraries/BLESW_LNP_Sensor_CM3.a
LOAD ./../Libraries/BLEStack/3rd-party/Alpwise/ALPW-BLESDKCM3/BLESW_LocationAndNavigation/Libraries/BLESW_LNP_Collector_CM3.a
LOAD ./../Libraries/BLEStack/3rd-party/Alpwise/ALPW-BLESDKCM3/BLESW_NetworkAvailability/Libraries/BLESW_NWAP_Monitor_CM3.a
LOAD ./../Libraries/BLEStack/3rd-party/Alpwise/ALPW-BLESDKCM3/BLESW_NetworkAvailability/Libraries/BLESW_NWAP_Reporter_CM3.a
LOAD ./../Libraries/BLEStack/3rd-party/Alpwise/ALPW-BLESDKCM3/BLESW_PhoneAlertStatus/Libraries/BLESW_PASP_Client_CM3.a
LOAD ./../Libraries/BLEStack/3rd-party/Alpwise/ALPW-BLESDKCM3/BLESW_PhoneAlertStatus/Libraries/BLESW_PASP_Server_CM3.a
LOAD ./../Libraries/BLEStack/3rd-party/Alpwise/ALPW-BLESDKCM3/BLESW_Proximity/Libraries/BLESW_PXP_Reporter_CM3.a
LOAD ./../Libraries/BLEStack/3rd-party/Alpwise/ALPW-BLESDKCM3/BLESW_Proximity/Libraries/BLESW_PXP_Monitor_CM3.a
LOAD ./../Libraries/BLEStack/3rd-party/Alpwise/ALPW-BLESDKCM3/BLESW_RunningSpeedAndCadence/Libraries/BLESW_RSCP_Sensor_CM3.a
LOAD ./../Libraries/BLEStack/3rd-party/Alpwise/ALPW-BLESDKCM3/BLESW_RunningSpeedAndCadence/Libraries/BLESW_RSCP_Collector_CM3.a
LOAD ./../Libraries/BLEStack/3rd-party/Alpwise/ALPW-BLESDKCM3/BLESW_Time/Libraries/BLESW_TIP_Server_CM3.a
LOAD ./../Libraries/BLEStack/3rd-party/Alpwise/ALPW-BLESDKCM3/BLESW_Time/Libraries/BLESW_TIP_Client_CM3.a
LOAD ./../Libraries/EMlib/3rd-party/EMLib/CMSIS/Lib/GCC/libarm_cortexM3l_math.a
LOAD ./../Libraries/BSX/BSX4/Source/algo/algo_bsx/Lib/libalgobsxm3/libalgobsx.a
LOAD ./../Platform/LoRaDrivers/release/libLoRaDrivers_efm32.a
LOAD ./../Platform/ServalPAL/release/libServalPal_efm32.a
LOAD ./../Libraries/Escrypt_CycurTLS/release/libEscrypt_CycurTLS_efm32.a
END GROUP
START GROUP
LOAD c:/xdk-workbench/xdk/armgcc/bin/../lib/gcc/arm-none-eabi/4.7.4/armv7-m\libgcc.a
LOAD c:/xdk-workbench/xdk/armgcc/bin/../lib/gcc/arm-none-eabi/4.7.4/../../../../arm-none-eabi/lib/armv7-m\libc.a
LOAD c:/xdk-workbench/xdk/armgcc/bin/../lib/gcc/arm-none-eabi/4.7.4/../../../../arm-none-eabi/lib/armv7-m\libm.a
END GROUP
START GROUP
LOAD c:/xdk-workbench/xdk/armgcc/bin/../lib/gcc/arm-none-eabi/4.7.4/armv7-m\libgcc.a
LOAD c:/xdk-workbench/xdk/armgcc/bin/../lib/gcc/arm-none-eabi/4.7.4/../../../../arm-none-eabi/lib/armv7-m\libc.a
END GROUP
LOAD c:/xdk-workbench/xdk/armgcc/bin/../lib/gcc/arm-none-eabi/4.7.4/armv7-m/crtend.o
LOAD c:/xdk-workbench/xdk/armgcc/bin/../lib/gcc/arm-none-eabi/4.7.4/armv7-m/crtn.o

.text           0x00020200    0x2c7bc
 *(.isr_vector)
 .isr_vector    0x00020200      0x100 C:/Users/BAS/XDK-Workspace/MQTT/debug/objects/startup_efm32gg.o
                0x00020200                __isr_vector
 *(.text*)
 .text          0x00020300       0x54 c:/xdk-workbench/xdk/armgcc/bin/../lib/gcc/arm-none-eabi/4.7.4/armv7-m/crtbegin.o
 .text          0x00020354       0x70 c:/xdk-workbench/xdk/armgcc/bin/../lib/gcc/arm-none-eabi/4.7.4/../../../../arm-none-eabi/lib/armv7-m/crt0.o
                0x00020354                _start
                0x00020354                start
                0x00020354                _mainCRTStartup
 .text.Assert_Initialize
                0x000203c4       0x40 C:/Users/BAS/XDK-Workspace/MQTT/debug/objects/source/Assert.o
                0x000203c4                Assert_Initialize
 .text.Assert_Dynamic
                0x00020404       0x2c C:/Users/BAS/XDK-Workspace/MQTT/debug/objects/source/Assert.o
                0x00020404                Assert_Dynamic
 .text._close   0x00020430       0x18 C:/Users/BAS/XDK-Workspace/MQTT/debug/objects/source/RetargetStdio.o
                0x00020430                _close
 .text._exit    0x00020448        0xc C:/Users/BAS/XDK-Workspace/MQTT/debug/objects/source/RetargetStdio.o
                0x00020448                _exit
 .text._fstat   0x00020454       0x24 C:/Users/BAS/XDK-Workspace/MQTT/debug/objects/source/RetargetStdio.o
                0x00020454                _fstat
 .text._isatty  0x00020478       0x18 C:/Users/BAS/XDK-Workspace/MQTT/debug/objects/source/RetargetStdio.o
                0x00020478                _isatty
 .text._lseek   0x00020490       0x1c C:/Users/BAS/XDK-Workspace/MQTT/debug/objects/source/RetargetStdio.o
                0x00020490                _lseek
 .text._read    0x000204ac       0x70 C:/Users/BAS/XDK-Workspace/MQTT/debug/objects/source/RetargetStdio.o
                0x000204ac                _read
 .text._sbrk    0x0002051c       0xa0 C:/Users/BAS/XDK-Workspace/MQTT/debug/objects/source/RetargetStdio.o
                0x0002051c                _sbrk
 .text._write   0x000205bc       0x20 C:/Users/BAS/XDK-Workspace/MQTT/debug/objects/source/RetargetStdio.o
                0x000205bc                _write
 .text.NVIC_SystemReset
                0x000205dc       0x30 C:/Users/BAS/XDK-Workspace/MQTT/debug/objects/source/UsbResetUtility.o
 .text.UsbResetUtility_SystemReset
                0x0002060c       0x10 C:/Users/BAS/XDK-Workspace/MQTT/debug/objects/source/UsbResetUtility.o
 .text.UsbResetUtility_InteruptHandling
                0x0002061c       0x54 C:/Users/BAS/XDK-Workspace/MQTT/debug/objects/source/UsbResetUtility.o
 .text.UsbResetUtility_Init
                0x00020670       0x40 C:/Users/BAS/XDK-Workspace/MQTT/debug/objects/source/UsbResetUtility.o
                0x00020670                UsbResetUtility_Init
 .text.UsbResetUtility_UsbISRCallback
                0x000206b0      0x138 C:/Users/BAS/XDK-Workspace/MQTT/debug/objects/source/UsbResetUtility.o
                0x000206b0                UsbResetUtility_UsbISRCallback
 .text.bleGetMacAddress
                0x000207e8       0xec C:/Users/BAS/XDK-Workspace/MQTT/debug/objects/source/SystemStartup.o
 .text.SysTickPreCallback
                0x000208d4       0x14 C:/Users/BAS/XDK-Workspace/MQTT/debug/objects/source/SystemStartup.o
 .text.assertIndicationMapping
                0x000208e8       0x44 C:/Users/BAS/XDK-Workspace/MQTT/debug/objects/source/SystemStartup.o
                0x000208e8                assertIndicationMapping
 .text.systemStartup
                0x0002092c      0x154 C:/Users/BAS/XDK-Workspace/MQTT/debug/objects/source/SystemStartup.o
                0x0002092c                systemStartup
 .text.vApplicationStackOverflowHook
                0x00020a80       0x5c C:/Users/BAS/XDK-Workspace/MQTT/debug/objects/source/SystemStartup.o
                0x00020a80                vApplicationStackOverflowHook
 .text.vApplicationMallocFailedHook
                0x00020adc       0x14 C:/Users/BAS/XDK-Workspace/MQTT/debug/objects/source/SystemStartup.o
                0x00020adc                vApplicationMallocFailedHook
 .text.INT_Disable
                0x00020af0       0x40 C:/Users/BAS/XDK-Workspace/MQTT/debug/objects/./../Libraries/EMlib/3rd-party/EMLib/usb/src/em_usbdint.o
 .text.INT_Enable
                0x00020b30       0x54 C:/Users/BAS/XDK-Workspace/MQTT/debug/objects/./../Libraries/EMlib/3rd-party/EMLib/usb/src/em_usbdint.o
 .text.USBHAL_FlushTxFifo
                0x00020b84       0x4c C:/Users/BAS/XDK-Workspace/MQTT/debug/objects/./../Libraries/EMlib/3rd-party/EMLib/usb/src/em_usbdint.o
 .text.USBHAL_GetCoreInts
                0x00020bd0       0x40 C:/Users/BAS/XDK-Workspace/MQTT/debug/objects/./../Libraries/EMlib/3rd-party/EMLib/usb/src/em_usbdint.o
 .text.USBDHAL_EnableInts
                0x00020c10       0x70 C:/Users/BAS/XDK-Workspace/MQTT/debug/objects/./../Libraries/EMlib/3rd-party/EMLib/usb/src/em_usbdint.o
 .text.USBDHAL_Ep0Activate
                0x00020c80       0x70 C:/Users/BAS/XDK-Workspace/MQTT/debug/objects/./../Libraries/EMlib/3rd-party/EMLib/usb/src/em_usbdint.o
 .text.USBDHAL_GetAllInEpInts
                0x00020cf0       0x48 C:/Users/BAS/XDK-Workspace/MQTT/debug/objects/./../Libraries/EMlib/3rd-party/EMLib/usb/src/em_usbdint.o
 .text.USBDHAL_GetAllOutEpInts
                0x00020d38       0x44 C:/Users/BAS/XDK-Workspace/MQTT/debug/objects/./../Libraries/EMlib/3rd-party/EMLib/usb/src/em_usbdint.o
 .text.USBDHAL_GetInEpInts
                0x00020d7c       0x44 C:/Users/BAS/XDK-Workspace/MQTT/debug/objects/./../Libraries/EMlib/3rd-party/EMLib/usb/src/em_usbdint.o
 .text.USBDHAL_GetOutEpInts
                0x00020dc0       0x44 C:/Users/BAS/XDK-Workspace/MQTT/debug/objects/./../Libraries/EMlib/3rd-party/EMLib/usb/src/em_usbdint.o
 .text.USBDHAL_StartEp0Setup
                0x00020e04       0x88 C:/Users/BAS/XDK-Workspace/MQTT/debug/objects/./../Libraries/EMlib/3rd-party/EMLib/usb/src/em_usbdint.o
 .text.USBD_GetEpFromAddr
                0x00020e8c       0xa0 C:/Users/BAS/XDK-Workspace/MQTT/debug/objects/./../Libraries/EMlib/3rd-party/EMLib/usb/src/em_usbdint.o
 .text.USB_IRQHandler
                0x00020f2c      0x16c C:/Users/BAS/XDK-Workspace/MQTT/debug/objects/./../Libraries/EMlib/3rd-party/EMLib/usb/src/em_usbdint.o
                0x00020f2c                USB_IRQHandler
 .text.Handle_USB_GINTSTS_ENUMDONE
                0x00021098       0x3c C:/Users/BAS/XDK-Workspace/MQTT/debug/objects/./../Libraries/EMlib/3rd-party/EMLib/usb/src/em_usbdint.o
 .text.Handle_USB_GINTSTS_IEPINT
                0x000210d4      0x118 C:/Users/BAS/XDK-Workspace/MQTT/debug/objects/./../Libraries/EMlib/3rd-party/EMLib/usb/src/em_usbdint.o
 .text.Handle_USB_GINTSTS_OEPINT
                0x000211ec      0x230 C:/Users/BAS/XDK-Workspace/MQTT/debug/objects/./../Libraries/EMlib/3rd-party/EMLib/usb/src/em_usbdint.o
 .text.Handle_USB_GINTSTS_RESETDET
                0x0002141c       0x40 C:/Users/BAS/XDK-Workspace/MQTT/debug/objects/./../Libraries/EMlib/3rd-party/EMLib/usb/src/em_usbdint.o
 .text.Handle_USB_GINTSTS_SOF
                0x0002145c       0x64 C:/Users/BAS/XDK-Workspace/MQTT/debug/objects/./../Libraries/EMlib/3rd-party/EMLib/usb/src/em_usbdint.o
 .text.Handle_USB_GINTSTS_USBRST
                0x000214c0      0x150 C:/Users/BAS/XDK-Workspace/MQTT/debug/objects/./../Libraries/EMlib/3rd-party/EMLib/usb/src/em_usbdint.o
 .text.Handle_USB_GINTSTS_USBSUSP
                0x00021610       0x68 C:/Users/BAS/XDK-Workspace/MQTT/debug/objects/./../Libraries/EMlib/3rd-party/EMLib/usb/src/em_usbdint.o
 .text.Handle_USB_GINTSTS_WKUPINT
                0x00021678       0x30 C:/Users/BAS/XDK-Workspace/MQTT/debug/objects/./../Libraries/EMlib/3rd-party/EMLib/usb/src/em_usbdint.o
 .text.Retcode_GetPackage
                0x000216a8       0x1c C:/Users/BAS/XDK-Workspace/MQTT/debug/objects/Main.o
 .text.Retcode_GetModuleId
                0x000216c4       0x1c C:/Users/BAS/XDK-Workspace/MQTT/debug/objects/Main.o
 .text.Retcode_GetSeverity
                0x000216e0       0x24 C:/Users/BAS/XDK-Workspace/MQTT/debug/objects/Main.o
 .text.Retcode_GetCode
                0x00021704       0x20 C:/Users/BAS/XDK-Workspace/MQTT/debug/objects/Main.o
 .text.ErrorHandlingFunc
                0x00021724       0x6c C:/Users/BAS/XDK-Workspace/MQTT/debug/objects/Main.o
                0x00021724                ErrorHandlingFunc
 .text.main     0x00021790       0xa8 C:/Users/BAS/XDK-Workspace/MQTT/debug/objects/Main.o
                0x00021790                main
 .text.StringDescr_wrap
                0x00021838       0x54 C:/Users/BAS/XDK-Workspace/MQTT/debug/objects/MQTT.o
 .text.ServalPalSetup
                0x0002188c       0x7c C:/Users/BAS/XDK-Workspace/MQTT/debug/objects/MQTT.o
 .text.NetworkSetup
                0x00021908       0x64 C:/Users/BAS/XDK-Workspace/MQTT/debug/objects/MQTT.o
 .text.ReadEnvironmentSensor
                0x0002196c       0x60 C:/Users/BAS/XDK-Workspace/MQTT/debug/objects/MQTT.o
 .text.InitEnvironmentalSensor
                0x000219cc       0x38 C:/Users/BAS/XDK-Workspace/MQTT/debug/objects/MQTT.o
 .text.SubscribeToOwnPublishTopic
                0x00021a04       0x74 C:/Users/BAS/XDK-Workspace/MQTT/debug/objects/MQTT.o
 .text.PublishEnvironmentalData
                0x00021a78       0xc0 C:/Users/BAS/XDK-Workspace/MQTT/debug/objects/MQTT.o
 .text.EnqueueMessagePublish
                0x00021b38       0x58 C:/Users/BAS/XDK-Workspace/MQTT/debug/objects/MQTT.o
 .text.CreateAndStartPublishingTimer
                0x00021b90       0x9c C:/Users/BAS/XDK-Workspace/MQTT/debug/objects/MQTT.o
 .text.HandleEventConnection
                0x00021c2c       0x64 C:/Users/BAS/XDK-Workspace/MQTT/debug/objects/MQTT.o
 .text.HandleEventIncomingPublish
                0x00021c90       0x74 C:/Users/BAS/XDK-Workspace/MQTT/debug/objects/MQTT.o
 .text.HandleEventSuccessfulPublish
                0x00021d04       0x24 C:/Users/BAS/XDK-Workspace/MQTT/debug/objects/MQTT.o
 .text.EventHandler
                0x00021d28      0x11c C:/Users/BAS/XDK-Workspace/MQTT/debug/objects/MQTT.o
 .text.StartExample
                0x00021e44       0x4c C:/Users/BAS/XDK-Workspace/MQTT/debug/objects/MQTT.o
 .text.ConfigureSession
                0x00021e90      0x1d0 C:/Users/BAS/XDK-Workspace/MQTT/debug/objects/MQTT.o
 .text.InitializeExample
                0x00022060       0x8c C:/Users/BAS/XDK-Workspace/MQTT/debug/objects/MQTT.o
 .text.AppInitSystem
                0x000220ec       0x60 C:/Users/BAS/XDK-Workspace/MQTT/debug/objects/MQTT.o
                0x000220ec                AppInitSystem
 .text          0x0002214c       0x98 C:/Users/BAS/XDK-Workspace/MQTT/debug/objects/startup_efm32gg.o
                0x0002214c                Reset_Handler
                0x00022180                Default_Handler
                0x00022182                NMI_Handler
                0x00022184                HardFault_Handler
                0x00022186                MemManage_Handler
                0x00022188                BusFault_Handler
                0x0002218a                UsageFault_Handler
                0x0002218e                DebugMon_Handler
                0x00022198                TIMER0_IRQHandler
                0x0002219e                ACMP0_IRQHandler
                0x000221a2                ADC0_IRQHandler
                0x000221a4                DAC0_IRQHandler
                0x000221ac                TIMER1_IRQHandler
                0x000221ae                TIMER2_IRQHandler
                0x000221b0                TIMER3_IRQHandler
                0x000221b6                LESENSE_IRQHandler
                0x000221c4                LEUART0_IRQHandler
                0x000221c6                LEUART1_IRQHandler
                0x000221c8                LETIMER0_IRQHandler
                0x000221ca                PCNT0_IRQHandler
                0x000221cc                PCNT1_IRQHandler
                0x000221ce                PCNT2_IRQHandler
                0x000221d2                BURTC_IRQHandler
                0x000221d4                CMU_IRQHandler
                0x000221d6                VCMP_IRQHandler
                0x000221d8                LCD_IRQHandler
                0x000221da                MSC_IRQHandler
                0x000221dc                AES_IRQHandler
                0x000221de                EBI_IRQHandler
                0x000221e0                EMU_IRQHandler
 .text.Retcode_GetPackage
                0x000221e4       0x1c ./../Platform/Sensors/debug/libSensors_efm32_debug.a(Environmental.o)
 .text.bme280LibErrorMapping
                0x00022200       0x48 ./../Platform/Sensors/debug/libSensors_efm32_debug.a(Environmental.o)
 .text.Environmental_init
                0x00022248       0x9c ./../Platform/Sensors/debug/libSensors_efm32_debug.a(Environmental.o)
                0x00022248                Environmental_init
 .text.Environmental_readData
                0x000222e4       0xd0 ./../Platform/Sensors/debug/libSensors_efm32_debug.a(Environmental.o)
                0x000222e4                Environmental_readData
 .text.GPIO_PinOutClear
                0x000223b4       0x4c ./../Platform/BSP/debug/libBSP_efm32_debug.a(BSP_LED.o)
 .text.GPIO_PinOutSet
                0x00022400       0x4c ./../Platform/BSP/debug/libBSP_efm32_debug.a(BSP_LED.o)
 .text.GPIO_PinOutToggle
                0x0002244c       0x4c ./../Platform/BSP/debug/libBSP_efm32_debug.a(BSP_LED.o)
 .text.BSP_LED_Connect
                0x00022498       0x48 ./../Platform/BSP/debug/libBSP_efm32_debug.a(BSP_LED.o)
                0x00022498                BSP_LED_Connect
 .text.BSP_LED_EnableAll
                0x000224e0       0x3c ./../Platform/BSP/debug/libBSP_efm32_debug.a(BSP_LED.o)
                0x000224e0                BSP_LED_EnableAll
 .text.BSP_LED_Switch
                0x0002251c      0x15c ./../Platform/BSP/debug/libBSP_efm32_debug.a(BSP_LED.o)
                0x0002251c                BSP_LED_Switch
 .text.BSP_LED_SwitchAll
                0x00022678       0xd0 ./../Platform/BSP/debug/libBSP_efm32_debug.a(BSP_LED.o)
                0x00022678                BSP_LED_SwitchAll
 .text.NVIC_SetPriorityGrouping
                0x00022748       0x50 ./../Platform/BSP/debug/libBSP_efm32_debug.a(BSP_Board.o)
 .text.NVIC_EnableIRQ
                0x00022798       0x38 ./../Platform/BSP/debug/libBSP_efm32_debug.a(BSP_Board.o)
 .text.NVIC_DisableIRQ
                0x000227d0       0x3c ./../Platform/BSP/debug/libBSP_efm32_debug.a(BSP_Board.o)
 .text.NVIC_ClearPendingIRQ
                0x0002280c       0x3c ./../Platform/BSP/debug/libBSP_efm32_debug.a(BSP_Board.o)
 .text.NVIC_SetPriority
                0x00022848       0x5c ./../Platform/BSP/debug/libBSP_efm32_debug.a(BSP_Board.o)
 .text.SysTick_Config
                0x000228a4       0x64 ./../Platform/BSP/debug/libBSP_efm32_debug.a(BSP_Board.o)
 .text.CHIP_Init
                0x00022908       0x50 ./../Platform/BSP/debug/libBSP_efm32_debug.a(BSP_Board.o)
 .text.GPIO_PinOutClear
                0x00022958       0x4c ./../Platform/BSP/debug/libBSP_efm32_debug.a(BSP_Board.o)
 .text.GPIO_PinOutSet
                0x000229a4       0x4c ./../Platform/BSP/debug/libBSP_efm32_debug.a(BSP_Board.o)
 .text.INT_Disable
                0x000229f0       0x40 ./../Platform/BSP/debug/libBSP_efm32_debug.a(BSP_Board.o)
 .text.INT_Enable
                0x00022a30       0x54 ./../Platform/BSP/debug/libBSP_efm32_debug.a(BSP_Board.o)
 .text.BSP_Board_OSTickInitialize
                0x00022a84       0x2c ./../Platform/BSP/debug/libBSP_efm32_debug.a(BSP_Board.o)
                0x00022a84                BSP_Board_OSTickInitialize
 .text.BSP_Board_Initialize
                0x00022ab0      0x150 ./../Platform/BSP/debug/libBSP_efm32_debug.a(BSP_Board.o)
                0x00022ab0                BSP_Board_Initialize
 .text.BSP_Board_Delay
                0x00022c00       0x30 ./../Platform/BSP/debug/libBSP_efm32_debug.a(BSP_Board.o)
                0x00022c00                BSP_Board_Delay
 .text.BSP_Board_SetOStoBSPDelayFunc
                0x00022c30       0x20 ./../Platform/BSP/debug/libBSP_efm32_debug.a(BSP_Board.o)
                0x00022c30                BSP_Board_SetOStoBSPDelayFunc
 .text.Board_GPIOInterruptInit
                0x00022c50       0x30 ./../Platform/BSP/debug/libBSP_efm32_debug.a(BSP_Board.o)
                0x00022c50                Board_GPIOInterruptInit
 .text.Board_GPIOInterruptGetCallback
                0x00022c80       0x24 ./../Platform/BSP/debug/libBSP_efm32_debug.a(BSP_Board.o)
                0x00022c80                Board_GPIOInterruptGetCallback
 .text.Board_GPIOInterruptRegisterCallback
                0x00022ca4       0x38 ./../Platform/BSP/debug/libBSP_efm32_debug.a(BSP_Board.o)
                0x00022ca4                Board_GPIOInterruptRegisterCallback
 .text.Board_GPIOInterruptDispatch
                0x00022cdc       0x64 ./../Platform/BSP/debug/libBSP_efm32_debug.a(BSP_Board.o)
                0x00022cdc                Board_GPIOInterruptDispatch
 .text.Board_UART0_UART_Init
                0x00022d40       0xcc ./../Platform/BSP/debug/libBSP_efm32_debug.a(BSP_Board.o)
                0x00022d40                Board_UART0_UART_Init
 .text.Board_UART1_UART_Init
                0x00022e0c       0xcc ./../Platform/BSP/debug/libBSP_efm32_debug.a(BSP_Board.o)
                0x00022e0c                Board_UART1_UART_Init
 .text.Board_USART0_SPI_Init
                0x00022ed8       0xa8 ./../Platform/BSP/debug/libBSP_efm32_debug.a(BSP_Board.o)
                0x00022ed8                Board_USART0_SPI_Init
 .text.Board_USART1_SPI_Init
                0x00022f80       0x8c ./../Platform/BSP/debug/libBSP_efm32_debug.a(BSP_Board.o)
                0x00022f80                Board_USART1_SPI_Init
 .text.Board_GPIO_Init
                0x0002300c       0x6c ./../Platform/BSP/debug/libBSP_efm32_debug.a(BSP_Board.o)
                0x0002300c                Board_GPIO_Init
 .text.Board_WakeupPowerSupply2V5
                0x00023078       0x50 ./../Platform/BSP/debug/libBSP_efm32_debug.a(BSP_Board.o)
                0x00023078                Board_WakeupPowerSupply2V5
 .text.Board_SnoozePowerSupply2V5
                0x000230c8       0x4c ./../Platform/BSP/debug/libBSP_efm32_debug.a(BSP_Board.o)
                0x000230c8                Board_SnoozePowerSupply2V5
 .text.PowerSupply2V5UpdateRegister
                0x00023114      0x268 ./../Platform/BSP/debug/libBSP_efm32_debug.a(BSP_Board.o)
                0x00023114                PowerSupply2V5UpdateRegister
 .text.Board_ADC_Init
                0x0002337c       0x78 ./../Platform/BSP/debug/libBSP_efm32_debug.a(BSP_Board.o)
                0x0002337c                Board_ADC_Init
 .text.Board_I2C0_Init
                0x000233f4       0x54 ./../Platform/BSP/debug/libBSP_efm32_debug.a(BSP_Board.o)
                0x000233f4                Board_I2C0_Init
 .text.Board_I2C1_Init
                0x00023448       0x54 ./../Platform/BSP/debug/libBSP_efm32_debug.a(BSP_Board.o)
                0x00023448                Board_I2C1_Init
 .text.Board_USB_Init
                0x0002349c       0x70 ./../Platform/BSP/debug/libBSP_efm32_debug.a(BSP_Board.o)
                0x0002349c                Board_USB_Init
 .text.Board_IncTick
                0x0002350c       0x24 ./../Platform/BSP/debug/libBSP_efm32_debug.a(BSP_Board.o)
                0x0002350c                Board_IncTick
 .text.Board_GetTick
                0x00023530       0x18 ./../Platform/BSP/debug/libBSP_efm32_debug.a(BSP_Board.o)
                0x00023530                Board_GetTick
 .text.Board_Delay
                0x00023548       0x30 ./../Platform/BSP/debug/libBSP_efm32_debug.a(BSP_Board.o)
                0x00023548                Board_Delay
 .text.Board_RTC_Init
                0x00023578       0xa0 ./../Platform/BSP/debug/libBSP_efm32_debug.a(BSP_Board.o)
                0x00023578                Board_RTC_Init
 .text.Board_BURTC_Init
                0x00023618       0x28 ./../Platform/BSP/debug/libBSP_efm32_debug.a(BSP_Board.o)
                0x00023618                Board_BURTC_Init
 .text.BSP_Board_EnableSysTick
                0x00023640       0x38 ./../Platform/BSP/debug/libBSP_efm32_debug.a(BSP_Board.o)
                0x00023640                BSP_Board_EnableSysTick
 .text.USB_setSerialNumber
                0x00023678       0x7c ./../Platform/BSP/debug/libBSP_efm32_debug.a(BSP_USB.o)
 .text.USB_dataReceivedCallback
                0x000236f4       0x98 ./../Platform/BSP/debug/libBSP_efm32_debug.a(BSP_USB.o)
 .text.USB_dataTransferred
                0x0002378c       0x4c ./../Platform/BSP/debug/libBSP_efm32_debug.a(BSP_USB.o)
 .text.USB_stateChange
                0x000237d8       0x58 ./../Platform/BSP/debug/libBSP_efm32_debug.a(BSP_USB.o)
                0x000237d8                USB_stateChange
 .text.USB_setupCommand
                0x00023830      0x108 ./../Platform/BSP/debug/libBSP_efm32_debug.a(BSP_USB.o)
                0x00023830                USB_setupCommand
 .text.USB_init
                0x00023938       0xd0 ./../Platform/BSP/debug/libBSP_efm32_debug.a(BSP_USB.o)
                0x00023938                USB_init
 .text.USB_receiveByte
                0x00023a08       0xa0 ./../Platform/BSP/debug/libBSP_efm32_debug.a(BSP_USB.o)
                0x00023a08                USB_receiveByte
 .text.RETARGET_WriteChar
                0x00023aa8       0x2c ./../Platform/BSP/debug/libBSP_efm32_debug.a(BSP_USB.o)
                0x00023aa8                RETARGET_WriteChar
 .text.USB_transmitData
                0x00023ad4       0xc4 ./../Platform/BSP/debug/libBSP_efm32_debug.a(BSP_USB.o)
                0x00023ad4                USB_transmitData
 .text.RETARGET_ReadChar
                0x00023b98       0x24 ./../Platform/BSP/debug/libBSP_efm32_debug.a(BSP_USB.o)
                0x00023b98                RETARGET_ReadChar
 .text.USB_callBackMapping
                0x00023bbc       0x38 ./../Platform/BSP/debug/libBSP_efm32_debug.a(BSP_USB.o)
                0x00023bbc                USB_callBackMapping
 .text.NVIC_EnableIRQ
                0x00023bf4       0x38 ./../Platform/BSP/debug/libBSP_efm32_debug.a(BSP_DMA.o)
 .text.NVIC_ClearPendingIRQ
                0x00023c2c       0x3c ./../Platform/BSP/debug/libBSP_efm32_debug.a(BSP_DMA.o)
 .text.NVIC_SetPriority
                0x00023c68       0x5c ./../Platform/BSP/debug/libBSP_efm32_debug.a(BSP_DMA.o)
 .text.BSP_DMA_Initialize
                0x00023cc4       0x88 ./../Platform/BSP/debug/libBSP_efm32_debug.a(BSP_DMA.o)
                0x00023cc4                BSP_DMA_Initialize
 .text.BSP_DMA_Enable
                0x00023d4c       0x54 ./../Platform/BSP/debug/libBSP_efm32_debug.a(BSP_DMA.o)
                0x00023d4c                BSP_DMA_Enable
 .text.GPIO_IntClear
                0x00023da0       0x20 ./../Platform/BSP/debug/libBSP_efm32_debug.a(BSP_IrqHandler.o)
 .text.GPIO_IntGetEnabled
                0x00023dc0       0x30 ./../Platform/BSP/debug/libBSP_efm32_debug.a(BSP_IrqHandler.o)
 .text.SysTick_Handler
                0x00023df0       0x40 ./../Platform/BSP/debug/libBSP_efm32_debug.a(BSP_IrqHandler.o)
                0x00023df0                SysTick_Handler
 .text.GPIO_EVEN_IRQHandler
                0x00023e30       0x28 ./../Platform/BSP/debug/libBSP_efm32_debug.a(BSP_IrqHandler.o)
                0x00023e30                GPIO_EVEN_IRQHandler
 .text.GPIO_ODD_IRQHandler
                0x00023e58       0x28 ./../Platform/BSP/debug/libBSP_efm32_debug.a(BSP_IrqHandler.o)
                0x00023e58                GPIO_ODD_IRQHandler
 .text.UART0_TX_IRQHandler
                0x00023e80        0xc ./../Platform/BSP/debug/libBSP_efm32_debug.a(BSP_IrqHandler.o)
                0x00023e80                UART0_TX_IRQHandler
 .text.UART0_RX_IRQHandler
                0x00023e8c        0xc ./../Platform/BSP/debug/libBSP_efm32_debug.a(BSP_IrqHandler.o)
                0x00023e8c                UART0_RX_IRQHandler
 .text.USART0_TX_IRQHandler
                0x00023e98        0xc ./../Platform/BSP/debug/libBSP_efm32_debug.a(BSP_IrqHandler.o)
                0x00023e98                USART0_TX_IRQHandler
 .text.USART0_RX_IRQHandler
                0x00023ea4        0xc ./../Platform/BSP/debug/libBSP_efm32_debug.a(BSP_IrqHandler.o)
                0x00023ea4                USART0_RX_IRQHandler
 .text.I2C0_IRQHandler
                0x00023eb0        0xc ./../Platform/BSP/debug/libBSP_efm32_debug.a(BSP_IrqHandler.o)
                0x00023eb0                I2C0_IRQHandler
 .text.I2C1_IRQHandler
                0x00023ebc        0xc ./../Platform/BSP/debug/libBSP_efm32_debug.a(BSP_IrqHandler.o)
                0x00023ebc                I2C1_IRQHandler
 .text.USART2_TX_IRQHandler
                0x00023ec8        0xc ./../Platform/BSP/debug/libBSP_efm32_debug.a(BSP_IrqHandler.o)
                0x00023ec8                USART2_TX_IRQHandler
 .text.USART2_RX_IRQHandler
                0x00023ed4        0xc ./../Platform/BSP/debug/libBSP_efm32_debug.a(BSP_IrqHandler.o)
                0x00023ed4                USART2_RX_IRQHandler
 .text.UART1_TX_IRQHandler
                0x00023ee0        0xc ./../Platform/BSP/debug/libBSP_efm32_debug.a(BSP_IrqHandler.o)
                0x00023ee0                UART1_TX_IRQHandler
 .text.UART1_RX_IRQHandler
                0x00023eec        0xc ./../Platform/BSP/debug/libBSP_efm32_debug.a(BSP_IrqHandler.o)
                0x00023eec                UART1_RX_IRQHandler
 .text.USART1_TX_IRQHandler
                0x00023ef8        0xc ./../Platform/BSP/debug/libBSP_efm32_debug.a(BSP_IrqHandler.o)
                0x00023ef8                USART1_TX_IRQHandler
 .text.USART1_RX_IRQHandler
                0x00023f04        0xc ./../Platform/BSP/debug/libBSP_efm32_debug.a(BSP_IrqHandler.o)
                0x00023f04                USART1_RX_IRQHandler
 .text.RTC_IRQHandler
                0x00023f10        0xc ./../Platform/BSP/debug/libBSP_efm32_debug.a(BSP_IrqHandler.o)
                0x00023f10                RTC_IRQHandler
 .text.IrqHandler_SysTickDummyHandler
                0x00023f1c       0x10 ./../Platform/BSP/debug/libBSP_efm32_debug.a(BSP_IrqHandler.o)
                0x00023f1c                IrqHandler_SysTickDummyHandler
 .text.BSP_ExtensionPort_I2cIsr
                0x00023f2c       0x5c ./../Platform/BSP/debug/libBSP_efm32_debug.a(BSP_ExtensionPort.o)
                0x00023f2c                BSP_ExtensionPort_I2cIsr
 .text.BSP_ExtensionPort_SpiRxIsr
                0x00023f88       0x5c ./../Platform/BSP/debug/libBSP_efm32_debug.a(BSP_ExtensionPort.o)
                0x00023f88                BSP_ExtensionPort_SpiRxIsr
 .text.BSP_ExtensionPort_SpiTxIsr
                0x00023fe4       0x5c ./../Platform/BSP/debug/libBSP_efm32_debug.a(BSP_ExtensionPort.o)
                0x00023fe4                BSP_ExtensionPort_SpiTxIsr
 .text.BSP_ExtensionPort_UARTRxIsr
                0x00024040       0x5c ./../Platform/BSP/debug/libBSP_efm32_debug.a(BSP_ExtensionPort.o)
                0x00024040                BSP_ExtensionPort_UARTRxIsr
 .text.BSP_ExtensionPort_UARTTxIsr
                0x0002409c       0x5c ./../Platform/BSP/debug/libBSP_efm32_debug.a(BSP_ExtensionPort.o)
                0x0002409c                BSP_ExtensionPort_UARTTxIsr
 .text.NVIC_EnableIRQ
                0x000240f8       0x38 ./../Platform/BSP/debug/libBSP_efm32_debug.a(BSP_WiFi_cc3100mod.o)
 .text.NVIC_DisableIRQ
                0x00024130       0x3c ./../Platform/BSP/debug/libBSP_efm32_debug.a(BSP_WiFi_cc3100mod.o)
 .text.NVIC_ClearPendingIRQ
                0x0002416c       0x3c ./../Platform/BSP/debug/libBSP_efm32_debug.a(BSP_WiFi_cc3100mod.o)
 .text.NVIC_SetPriority
                0x000241a8       0x5c ./../Platform/BSP/debug/libBSP_efm32_debug.a(BSP_WiFi_cc3100mod.o)
 .text.GPIO_IntClear
                0x00024204       0x20 ./../Platform/BSP/debug/libBSP_efm32_debug.a(BSP_WiFi_cc3100mod.o)
 .text.GPIO_IntDisable
                0x00024224       0x34 ./../Platform/BSP/debug/libBSP_efm32_debug.a(BSP_WiFi_cc3100mod.o)
 .text.GPIO_IntEnable
                0x00024258       0x30 ./../Platform/BSP/debug/libBSP_efm32_debug.a(BSP_WiFi_cc3100mod.o)
 .text.GPIO_PinOutClear
                0x00024288       0x4c ./../Platform/BSP/debug/libBSP_efm32_debug.a(BSP_WiFi_cc3100mod.o)
 .text.GPIO_PinOutSet
                0x000242d4       0x4c ./../Platform/BSP/debug/libBSP_efm32_debug.a(BSP_WiFi_cc3100mod.o)
 .text.Board_GPIOInterruptUnregisterCallback
                0x00024320       0x20 ./../Platform/BSP/debug/libBSP_efm32_debug.a(BSP_WiFi_cc3100mod.o)
 .text.BSP_WiFi_CC3100MOD_Connect
                0x00024340      0x1e8 ./../Platform/BSP/debug/libBSP_efm32_debug.a(BSP_WiFi_cc3100mod.o)
                0x00024340                BSP_WiFi_CC3100MOD_Connect
 .text.BSP_WiFi_CC3100MOD_Enable
                0x00024528      0x1a4 ./../Platform/BSP/debug/libBSP_efm32_debug.a(BSP_WiFi_cc3100mod.o)
                0x00024528                BSP_WiFi_CC3100MOD_Enable
 .text.BSP_WiFi_CC3100MOD_Disable
                0x000246cc       0xb0 ./../Platform/BSP/debug/libBSP_efm32_debug.a(BSP_WiFi_cc3100mod.o)
                0x000246cc                BSP_WiFi_CC3100MOD_Disable
 .text.BSP_WiFi_CC3100MOD_GetSPIHandle
                0x0002477c       0x14 ./../Platform/BSP/debug/libBSP_efm32_debug.a(BSP_WiFi_cc3100mod.o)
                0x0002477c                BSP_WiFi_CC3100MOD_GetSPIHandle
 .text.BSP_WiFi_CC3100MOD_SetCSLow
                0x00024790       0x18 ./../Platform/BSP/debug/libBSP_efm32_debug.a(BSP_WiFi_cc3100mod.o)
                0x00024790                BSP_WiFi_CC3100MOD_SetCSLow
 .text.BSP_WiFi_CC3100MOD_SetCSHigh
                0x000247a8       0x18 ./../Platform/BSP/debug/libBSP_efm32_debug.a(BSP_WiFi_cc3100mod.o)
                0x000247a8                BSP_WiFi_CC3100MOD_SetCSHigh
 .text.WiFi_CC3100MOD_SPIRxISR
                0x000247c0       0x28 ./../Platform/BSP/debug/libBSP_efm32_debug.a(BSP_WiFi_cc3100mod.o)
                0x000247c0                WiFi_CC3100MOD_SPIRxISR
 .text.WiFi_CC3100MOD_SPITxISR
                0x000247e8       0x28 ./../Platform/BSP/debug/libBSP_efm32_debug.a(BSP_WiFi_cc3100mod.o)
                0x000247e8                WiFi_CC3100MOD_SPITxISR
 .text.WiFi_CC3100MOD_SPI_RxDMAComplete
                0x00024810       0x38 ./../Platform/BSP/debug/libBSP_efm32_debug.a(BSP_WiFi_cc3100mod.o)
                0x00024810                WiFi_CC3100MOD_SPI_RxDMAComplete
 .text.WiFi_CC3100MOD_SPI_TxDMAComplete
                0x00024848       0x38 ./../Platform/BSP/debug/libBSP_efm32_debug.a(BSP_WiFi_cc3100mod.o)
                0x00024848                WiFi_CC3100MOD_SPI_TxDMAComplete
 .text.WiFi_INT_InterruptCallback
                0x00024880       0x14 ./../Platform/BSP/debug/libBSP_efm32_debug.a(BSP_WiFi_cc3100mod.o)
 .text.BT_EM9301_UART_TxISR
                0x00024894       0x28 ./../Platform/BSP/debug/libBSP_efm32_debug.a(BSP_BT_EM9301.o)
                0x00024894                BT_EM9301_UART_TxISR
 .text.BT_EM9301_UART_RxISR
                0x000248bc       0x28 ./../Platform/BSP/debug/libBSP_efm32_debug.a(BSP_BT_EM9301.o)
                0x000248bc                BT_EM9301_UART_RxISR
 .text.NVIC_EnableIRQ
                0x000248e4       0x38 ./../Platform/BSP/debug/libBSP_efm32_debug.a(BSP_SensorNode.o)
 .text.NVIC_DisableIRQ
                0x0002491c       0x3c ./../Platform/BSP/debug/libBSP_efm32_debug.a(BSP_SensorNode.o)
 .text.NVIC_SetPriority
                0x00024958       0x5c ./../Platform/BSP/debug/libBSP_efm32_debug.a(BSP_SensorNode.o)
 .text.GPIO_PinInGet
                0x000249b4       0x4c ./../Platform/BSP/debug/libBSP_efm32_debug.a(BSP_SensorNode.o)
 .text.GPIO_PinOutSet
                0x00024a00       0x4c ./../Platform/BSP/debug/libBSP_efm32_debug.a(BSP_SensorNode.o)
 .text.BSP_SensorNode_Connect
                0x00024a4c      0x190 ./../Platform/BSP/debug/libBSP_efm32_debug.a(BSP_SensorNode.o)
                0x00024a4c                BSP_SensorNode_Connect
 .text.BSP_SensorNode_Enable
                0x00024bdc      0x408 ./../Platform/BSP/debug/libBSP_efm32_debug.a(BSP_SensorNode.o)
                0x00024bdc                BSP_SensorNode_Enable
 .text.BSP_SensorNode_GetI2CHandle
                0x00024fe4       0x34 ./../Platform/BSP/debug/libBSP_efm32_debug.a(BSP_SensorNode.o)
                0x00024fe4                BSP_SensorNode_GetI2CHandle
 .text.SensorNode_EnableBus
                0x00025018       0x6c ./../Platform/BSP/debug/libBSP_efm32_debug.a(BSP_SensorNode.o)
 .text.BMA280_INT_InterruptCallback
                0x00025084       0x44 ./../Platform/BSP/debug/libBSP_efm32_debug.a(BSP_SensorNode.o)
 .text.BMA280_INT2_InterruptCallback
                0x000250c8       0x44 ./../Platform/BSP/debug/libBSP_efm32_debug.a(BSP_SensorNode.o)
 .text.MAX44009_INTN_InterruptCallback
                0x0002510c       0x44 ./../Platform/BSP/debug/libBSP_efm32_debug.a(BSP_SensorNode.o)
 .text.SensorNode_I2CISR
                0x00025150       0x28 ./../Platform/BSP/debug/libBSP_efm32_debug.a(BSP_SensorNode.o)
                0x00025150                SensorNode_I2CISR
 .text.SDCard_SPIRxISR
                0x00025178       0x28 ./../Platform/BSP/debug/libBSP_efm32_debug.a(BSP_SDCard.o)
                0x00025178                SDCard_SPIRxISR
 .text.SDCard_SPITxISR
                0x000251a0       0x28 ./../Platform/BSP/debug/libBSP_efm32_debug.a(BSP_SDCard.o)
                0x000251a0                SDCard_SPITxISR
 .text.xTaskGenericCreate
                0x000251c8      0x1d0 ./../Libraries/FreeRTOS/debug/libFreeRTOS_efm32_debug.a(tasks.o)
                0x000251c8                xTaskGenericCreate
 .text.vTaskDelete
                0x00025398      0x12c ./../Libraries/FreeRTOS/debug/libFreeRTOS_efm32_debug.a(tasks.o)
                0x00025398                vTaskDelete
 .text.vTaskDelay
                0x000254c4       0xac ./../Libraries/FreeRTOS/debug/libFreeRTOS_efm32_debug.a(tasks.o)
                0x000254c4                vTaskDelay
 .text.vTaskStartScheduler
                0x00025570       0xa0 ./../Libraries/FreeRTOS/debug/libFreeRTOS_efm32_debug.a(tasks.o)
                0x00025570                vTaskStartScheduler
 .text.vTaskSuspendAll
                0x00025610       0x24 ./../Libraries/FreeRTOS/debug/libFreeRTOS_efm32_debug.a(tasks.o)
                0x00025610                vTaskSuspendAll
 .text.xTaskResumeAll
                0x00025634      0x180 ./../Libraries/FreeRTOS/debug/libFreeRTOS_efm32_debug.a(tasks.o)
                0x00025634                xTaskResumeAll
 .text.xTaskGetTickCount
                0x000257b4       0x20 ./../Libraries/FreeRTOS/debug/libFreeRTOS_efm32_debug.a(tasks.o)
                0x000257b4                xTaskGetTickCount
 .text.xTaskIncrementTick
                0x000257d4      0x20c ./../Libraries/FreeRTOS/debug/libFreeRTOS_efm32_debug.a(tasks.o)
                0x000257d4                xTaskIncrementTick
 .text.vTaskSwitchContext
                0x000259e0      0x150 ./../Libraries/FreeRTOS/debug/libFreeRTOS_efm32_debug.a(tasks.o)
                0x000259e0                vTaskSwitchContext
 .text.vTaskPlaceOnEventList
                0x00025b30       0xc4 ./../Libraries/FreeRTOS/debug/libFreeRTOS_efm32_debug.a(tasks.o)
                0x00025b30                vTaskPlaceOnEventList
 .text.vTaskPlaceOnEventListRestricted
                0x00025bf4       0xc4 ./../Libraries/FreeRTOS/debug/libFreeRTOS_efm32_debug.a(tasks.o)
                0x00025bf4                vTaskPlaceOnEventListRestricted
 .text.xTaskRemoveFromEventList
                0x00025cb8       0xe8 ./../Libraries/FreeRTOS/debug/libFreeRTOS_efm32_debug.a(tasks.o)
                0x00025cb8                xTaskRemoveFromEventList
 .text.vTaskSetTimeOutState
                0x00025da0       0x44 ./../Libraries/FreeRTOS/debug/libFreeRTOS_efm32_debug.a(tasks.o)
                0x00025da0                vTaskSetTimeOutState
 .text.xTaskCheckForTimeOut
                0x00025de4       0xc4 ./../Libraries/FreeRTOS/debug/libFreeRTOS_efm32_debug.a(tasks.o)
                0x00025de4                xTaskCheckForTimeOut
 .text.vTaskMissedYield
                0x00025ea8       0x18 ./../Libraries/FreeRTOS/debug/libFreeRTOS_efm32_debug.a(tasks.o)
                0x00025ea8                vTaskMissedYield
 .text.prvIdleTask
                0x00025ec0       0x10 ./../Libraries/FreeRTOS/debug/libFreeRTOS_efm32_debug.a(tasks.o)
 .text.prvInitialiseTCBVariables
                0x00025ed0       0xbc ./../Libraries/FreeRTOS/debug/libFreeRTOS_efm32_debug.a(tasks.o)
 .text.prvInitialiseTaskLists
                0x00025f8c       0xa4 ./../Libraries/FreeRTOS/debug/libFreeRTOS_efm32_debug.a(tasks.o)
 .text.prvCheckTasksWaitingTermination
                0x00026030       0x9c ./../Libraries/FreeRTOS/debug/libFreeRTOS_efm32_debug.a(tasks.o)
 .text.prvAddCurrentTaskToDelayedList
                0x000260cc       0x8c ./../Libraries/FreeRTOS/debug/libFreeRTOS_efm32_debug.a(tasks.o)
 .text.prvAllocateTCBAndStack
                0x00026158       0x7c ./../Libraries/FreeRTOS/debug/libFreeRTOS_efm32_debug.a(tasks.o)
 .text.prvDeleteTCB
                0x000261d4       0x20 ./../Libraries/FreeRTOS/debug/libFreeRTOS_efm32_debug.a(tasks.o)
 .text.prvResetNextTaskUnblockTime
                0x000261f4       0x5c ./../Libraries/FreeRTOS/debug/libFreeRTOS_efm32_debug.a(tasks.o)
 .text.xTaskGetSchedulerState
                0x00026250       0x48 ./../Libraries/FreeRTOS/debug/libFreeRTOS_efm32_debug.a(tasks.o)
                0x00026250                xTaskGetSchedulerState
 .text.vTaskPriorityInherit
                0x00026298      0x144 ./../Libraries/FreeRTOS/debug/libFreeRTOS_efm32_debug.a(tasks.o)
                0x00026298                vTaskPriorityInherit
 .text.xTaskPriorityDisinherit
                0x000263dc      0x13c ./../Libraries/FreeRTOS/debug/libFreeRTOS_efm32_debug.a(tasks.o)
                0x000263dc                xTaskPriorityDisinherit
 .text.pvTaskIncrementMutexHeldCount
                0x00026518       0x38 ./../Libraries/FreeRTOS/debug/libFreeRTOS_efm32_debug.a(tasks.o)
                0x00026518                pvTaskIncrementMutexHeldCount
 .text.xTimerCreateTimerTask
                0x00026550       0x78 ./../Libraries/FreeRTOS/debug/libFreeRTOS_efm32_debug.a(timers.o)
                0x00026550                xTimerCreateTimerTask
 .text.xTimerCreate
                0x000265c8       0x7c ./../Libraries/FreeRTOS/debug/libFreeRTOS_efm32_debug.a(timers.o)
                0x000265c8                xTimerCreate
 .text.xTimerGenericCommand
                0x00026644       0xac ./../Libraries/FreeRTOS/debug/libFreeRTOS_efm32_debug.a(timers.o)
                0x00026644                xTimerGenericCommand
 .text.prvProcessExpiredTimer
                0x000266f0       0x88 ./../Libraries/FreeRTOS/debug/libFreeRTOS_efm32_debug.a(timers.o)
 .text.prvTimerTask
                0x00026778       0x24 ./../Libraries/FreeRTOS/debug/libFreeRTOS_efm32_debug.a(timers.o)
 .text.prvProcessTimerOrBlockTask
                0x0002679c       0x78 ./../Libraries/FreeRTOS/debug/libFreeRTOS_efm32_debug.a(timers.o)
 .text.prvGetNextExpireTime
                0x00026814       0x54 ./../Libraries/FreeRTOS/debug/libFreeRTOS_efm32_debug.a(timers.o)
 .text.prvSampleTimeNow
                0x00026868       0x4c ./../Libraries/FreeRTOS/debug/libFreeRTOS_efm32_debug.a(timers.o)
 .text.prvInsertTimerInActiveList
                0x000268b4       0x94 ./../Libraries/FreeRTOS/debug/libFreeRTOS_efm32_debug.a(timers.o)
 .text.prvProcessReceivedCommands
                0x00026948      0x174 ./../Libraries/FreeRTOS/debug/libFreeRTOS_efm32_debug.a(timers.o)
 .text.prvSwitchTimerLists
                0x00026abc       0xf0 ./../Libraries/FreeRTOS/debug/libFreeRTOS_efm32_debug.a(timers.o)
 .text.prvCheckForValidListAndQueue
                0x00026bac       0xb8 ./../Libraries/FreeRTOS/debug/libFreeRTOS_efm32_debug.a(timers.o)
 .text.pvTimerGetTimerID
                0x00026c64       0x3c ./../Libraries/FreeRTOS/debug/libFreeRTOS_efm32_debug.a(timers.o)
                0x00026c64                pvTimerGetTimerID
 .text.xTimerPendFunctionCallFromISR
                0x00026ca0       0x4c ./../Libraries/FreeRTOS/debug/libFreeRTOS_efm32_debug.a(timers.o)
                0x00026ca0                xTimerPendFunctionCallFromISR
 .text.pvPortMalloc
                0x00026cec      0x1e0 ./../Libraries/FreeRTOS/debug/libFreeRTOS_efm32_debug.a(heap_4.o)
                0x00026cec                pvPortMalloc
 .text.vPortFree
                0x00026ecc       0xcc ./../Libraries/FreeRTOS/debug/libFreeRTOS_efm32_debug.a(heap_4.o)
                0x00026ecc                vPortFree
 .text.prvHeapInit
                0x00026f98       0xfc ./../Libraries/FreeRTOS/debug/libFreeRTOS_efm32_debug.a(heap_4.o)
 .text.prvInsertBlockIntoFreeList
                0x00027094       0xbc ./../Libraries/FreeRTOS/debug/libFreeRTOS_efm32_debug.a(heap_4.o)
 .text.pxPortInitialiseStack
                0x00027150       0x64 ./../Libraries/FreeRTOS/debug/libFreeRTOS_efm32_debug.a(port.o)
                0x00027150                pxPortInitialiseStack
 .text.prvTaskExitError
                0x000271b4       0x2c ./../Libraries/FreeRTOS/debug/libFreeRTOS_efm32_debug.a(port.o)
 .text.SVC_Handler
                0x000271e0       0x24 ./../Libraries/FreeRTOS/debug/libFreeRTOS_efm32_debug.a(port.o)
                0x000271e0                SVC_Handler
 .text.prvPortStartFirstTask
                0x00027204       0x20 ./../Libraries/FreeRTOS/debug/libFreeRTOS_efm32_debug.a(port.o)
 .text.xPortStartScheduler
                0x00027224      0x10c ./../Libraries/FreeRTOS/debug/libFreeRTOS_efm32_debug.a(port.o)
                0x00027224                xPortStartScheduler
 .text.vPortYield
                0x00027330       0x20 ./../Libraries/FreeRTOS/debug/libFreeRTOS_efm32_debug.a(port.o)
                0x00027330                vPortYield
 .text.vPortEnterCritical
                0x00027350       0x58 ./../Libraries/FreeRTOS/debug/libFreeRTOS_efm32_debug.a(port.o)
                0x00027350                vPortEnterCritical
 .text.vPortExitCritical
                0x000273a8       0x54 ./../Libraries/FreeRTOS/debug/libFreeRTOS_efm32_debug.a(port.o)
                0x000273a8                vPortExitCritical
 .text.ulPortSetInterruptMask
                0x000273fc       0x14 ./../Libraries/FreeRTOS/debug/libFreeRTOS_efm32_debug.a(port.o)
                0x000273fc                ulPortSetInterruptMask
 .text.vPortClearInterruptMask
                0x00027410        0x8 ./../Libraries/FreeRTOS/debug/libFreeRTOS_efm32_debug.a(port.o)
                0x00027410                vPortClearInterruptMask
 .text.PendSV_Handler
                0x00027418       0x44 ./../Libraries/FreeRTOS/debug/libFreeRTOS_efm32_debug.a(port.o)
                0x00027418                PendSV_Handler
 .text.xPortSysTickHandler
                0x0002745c       0x2c ./../Libraries/FreeRTOS/debug/libFreeRTOS_efm32_debug.a(port.o)
                0x0002745c                xPortSysTickHandler
 .text.vPortSetupTimerInterrupt
                0x00027488       0x28 ./../Libraries/FreeRTOS/debug/libFreeRTOS_efm32_debug.a(port.o)
                0x00027488                vPortSetupTimerInterrupt
 .text.vPortValidateInterruptPriority
                0x000274b0       0x78 ./../Libraries/FreeRTOS/debug/libFreeRTOS_efm32_debug.a(port.o)
                0x000274b0                vPortValidateInterruptPriority
 .text.vListInitialise
                0x00027528       0x40 ./../Libraries/FreeRTOS/debug/libFreeRTOS_efm32_debug.a(list.o)
                0x00027528                vListInitialise
 .text.vListInitialiseItem
                0x00027568       0x1c ./../Libraries/FreeRTOS/debug/libFreeRTOS_efm32_debug.a(list.o)
                0x00027568                vListInitialiseItem
 .text.vListInsertEnd
                0x00027584       0x48 ./../Libraries/FreeRTOS/debug/libFreeRTOS_efm32_debug.a(list.o)
                0x00027584                vListInsertEnd
 .text.vListInsert
                0x000275cc       0x74 ./../Libraries/FreeRTOS/debug/libFreeRTOS_efm32_debug.a(list.o)
                0x000275cc                vListInsert
 .text.uxListRemove
                0x00027640       0x58 ./../Libraries/FreeRTOS/debug/libFreeRTOS_efm32_debug.a(list.o)
                0x00027640                uxListRemove
 .text.xQueueGenericReset
                0x00027698       0xc8 ./../Libraries/FreeRTOS/debug/libFreeRTOS_efm32_debug.a(queue.o)
                0x00027698                xQueueGenericReset
 .text.xQueueGenericCreate
                0x00027760       0xb8 ./../Libraries/FreeRTOS/debug/libFreeRTOS_efm32_debug.a(queue.o)
                0x00027760                xQueueGenericCreate
 .text.xQueueCreateMutex
                0x00027818       0xb8 ./../Libraries/FreeRTOS/debug/libFreeRTOS_efm32_debug.a(queue.o)
                0x00027818                xQueueCreateMutex
 .text.xQueueGenericSend
                0x000278d0      0x1c8 ./../Libraries/FreeRTOS/debug/libFreeRTOS_efm32_debug.a(queue.o)
                0x000278d0                xQueueGenericSend
 .text.xQueueGenericSendFromISR
                0x00027a98      0x110 ./../Libraries/FreeRTOS/debug/libFreeRTOS_efm32_debug.a(queue.o)
                0x00027a98                xQueueGenericSendFromISR
 .text.xQueueGiveFromISR
                0x00027ba8      0x108 ./../Libraries/FreeRTOS/debug/libFreeRTOS_efm32_debug.a(queue.o)
                0x00027ba8                xQueueGiveFromISR
 .text.xQueueGenericReceive
                0x00027cb0      0x1e0 ./../Libraries/FreeRTOS/debug/libFreeRTOS_efm32_debug.a(queue.o)
                0x00027cb0                xQueueGenericReceive
 .text.vQueueDelete
                0x00027e90       0x38 ./../Libraries/FreeRTOS/debug/libFreeRTOS_efm32_debug.a(queue.o)
                0x00027e90                vQueueDelete
 .text.prvCopyDataToQueue
                0x00027ec8       0xe8 ./../Libraries/FreeRTOS/debug/libFreeRTOS_efm32_debug.a(queue.o)
 .text.prvCopyDataFromQueue
                0x00027fb0       0x50 ./../Libraries/FreeRTOS/debug/libFreeRTOS_efm32_debug.a(queue.o)
 .text.prvUnlockQueue
                0x00028000       0xc0 ./../Libraries/FreeRTOS/debug/libFreeRTOS_efm32_debug.a(queue.o)
 .text.prvIsQueueEmpty
                0x000280c0       0x34 ./../Libraries/FreeRTOS/debug/libFreeRTOS_efm32_debug.a(queue.o)
 .text.prvIsQueueFull
                0x000280f4       0x38 ./../Libraries/FreeRTOS/debug/libFreeRTOS_efm32_debug.a(queue.o)
 .text.vQueueAddToRegistry
                0x0002812c       0x64 ./../Libraries/FreeRTOS/debug/libFreeRTOS_efm32_debug.a(queue.o)
                0x0002812c                vQueueAddToRegistry
 .text.vQueueUnregisterQueue
                0x00028190       0x54 ./../Libraries/FreeRTOS/debug/libFreeRTOS_efm32_debug.a(queue.o)
                0x00028190                vQueueUnregisterQueue
 .text.vQueueWaitForMessageRestricted
                0x000281e4       0x64 ./../Libraries/FreeRTOS/debug/libFreeRTOS_efm32_debug.a(queue.o)
                0x000281e4                vQueueWaitForMessageRestricted
 .text.prvNotifyQueueSetContainer
                0x00028248       0xa8 ./../Libraries/FreeRTOS/debug/libFreeRTOS_efm32_debug.a(queue.o)
 .text.ADC_Init
                0x000282f0       0x68 ./../Libraries/EMlib/debug/libEMLib_efm32_debug.a(em_adc.o)
                0x000282f0                ADC_Init
 .text.ADC_PrescaleCalc
                0x00028358       0x78 ./../Libraries/EMlib/debug/libEMLib_efm32_debug.a(em_adc.o)
                0x00028358                ADC_PrescaleCalc
 .text.ADC_TimebaseCalc
                0x000283d0       0x74 ./../Libraries/EMlib/debug/libEMLib_efm32_debug.a(em_adc.o)
                0x000283d0                ADC_TimebaseCalc
 .text.BITBAND_Peripheral
                0x00028444       0x30 ./../Libraries/EMlib/debug/libEMLib_efm32_debug.a(em_cmu.o)
 .text.CMU_MaxFreqHfle
                0x00028474       0xb8 ./../Libraries/EMlib/debug/libEMLib_efm32_debug.a(em_cmu.o)
 .text.CMU_FlashWaitStateMax
                0x0002852c       0x68 ./../Libraries/EMlib/debug/libEMLib_efm32_debug.a(em_cmu.o)
 .text.CMU_DivToLog2
                0x00028594       0x38 ./../Libraries/EMlib/debug/libEMLib_efm32_debug.a(em_cmu.o)
 .text.CMU_FlashWaitStateControl
                0x000285cc       0xf4 ./../Libraries/EMlib/debug/libEMLib_efm32_debug.a(em_cmu.o)
 .text.CMU_USBCClkGet
                0x000286c0       0x50 ./../Libraries/EMlib/debug/libEMLib_efm32_debug.a(em_cmu.o)
 .text.CMU_AUXClkGet
                0x00028710       0x9c ./../Libraries/EMlib/debug/libEMLib_efm32_debug.a(em_cmu.o)
 .text.CMU_DBGClkGet
                0x000287ac       0x64 ./../Libraries/EMlib/debug/libEMLib_efm32_debug.a(em_cmu.o)
 .text.CMU_LFClkGet
                0x00028810       0xd4 ./../Libraries/EMlib/debug/libEMLib_efm32_debug.a(em_cmu.o)
 .text.CMU_Sync
                0x000288e4       0x3c ./../Libraries/EMlib/debug/libEMLib_efm32_debug.a(em_cmu.o)
 .text.CMU_ClockDivSet
                0x00028920      0x298 ./../Libraries/EMlib/debug/libEMLib_efm32_debug.a(em_cmu.o)
                0x00028920                CMU_ClockDivSet
 .text.CMU_ClockEnable
                0x00028bb8      0x10c ./../Libraries/EMlib/debug/libEMLib_efm32_debug.a(em_cmu.o)
                0x00028bb8                CMU_ClockEnable
 .text.CMU_ClockFreqGet
                0x00028cc4      0x1e8 ./../Libraries/EMlib/debug/libEMLib_efm32_debug.a(em_cmu.o)
                0x00028cc4                CMU_ClockFreqGet
 .text.CMU_ClockSelectGet
                0x00028eac      0x1a4 ./../Libraries/EMlib/debug/libEMLib_efm32_debug.a(em_cmu.o)
                0x00028eac                CMU_ClockSelectGet
 .text.CMU_ClockSelectSet
                0x00029050      0x38c ./../Libraries/EMlib/debug/libEMLib_efm32_debug.a(em_cmu.o)
                0x00029050                CMU_ClockSelectSet
 .text.CMU_OscillatorEnable
                0x000293dc       0xe8 ./../Libraries/EMlib/debug/libEMLib_efm32_debug.a(em_cmu.o)
                0x000293dc                CMU_OscillatorEnable
 .text.MSC_Init
                0x000294c4      0x108 ./../Libraries/EMlib/debug/libEMLib_efm32_debug.a(em_msc.o)
                0x000294c4                MSC_Init
 .text.MSC_Deinit
                0x000295cc       0x30 ./../Libraries/EMlib/debug/libEMLib_efm32_debug.a(em_msc.o)
                0x000295cc                MSC_Deinit
 .text.NVIC_DisableIRQ
                0x000295fc       0x3c ./../Libraries/EMlib/debug/libEMLib_efm32_debug.a(em_dma.o)
 .text.BITBAND_Peripheral
                0x00029638       0x30 ./../Libraries/EMlib/debug/libEMLib_efm32_debug.a(em_dma.o)
 .text.DMA_Prepare
                0x00029668      0x138 ./../Libraries/EMlib/debug/libEMLib_efm32_debug.a(em_dma.o)
 .text.DMA_IRQHandler
                0x000297a0      0x110 ./../Libraries/EMlib/debug/libEMLib_efm32_debug.a(em_dma.o)
                0x000297a0                DMA_IRQHandler
 .text.DMA_ActivateBasic
                0x000298b0       0x48 ./../Libraries/EMlib/debug/libEMLib_efm32_debug.a(em_dma.o)
                0x000298b0                DMA_ActivateBasic
 .text.DMA_CfgChannel
                0x000298f8       0xc0 ./../Libraries/EMlib/debug/libEMLib_efm32_debug.a(em_dma.o)
                0x000298f8                DMA_CfgChannel
 .text.DMA_CfgDescr
                0x000299b8       0x84 ./../Libraries/EMlib/debug/libEMLib_efm32_debug.a(em_dma.o)
                0x000299b8                DMA_CfgDescr
 .text.DMA_Reset
                0x00029a3c       0xd4 ./../Libraries/EMlib/debug/libEMLib_efm32_debug.a(em_dma.o)
                0x00029a3c                DMA_Reset
 .text.EMU_UpdateOscConfig
                0x00029b10       0x20 ./../Libraries/EMlib/debug/libEMLib_efm32_debug.a(em_emu.o)
                0x00029b10                EMU_UpdateOscConfig
 .text.BITBAND_Peripheral
                0x00029b30       0x30 ./../Libraries/EMlib/debug/libEMLib_efm32_debug.a(em_gpio.o)
 .text.GPIO_DriveModeSet
                0x00029b60       0x60 ./../Libraries/EMlib/debug/libEMLib_efm32_debug.a(em_gpio.o)
                0x00029b60                GPIO_DriveModeSet
 .text.GPIO_IntConfig
                0x00029bc0       0xf4 ./../Libraries/EMlib/debug/libEMLib_efm32_debug.a(em_gpio.o)
                0x00029bc0                GPIO_IntConfig
 .text.GPIO_PinModeSet
                0x00029cb4      0x1b8 ./../Libraries/EMlib/debug/libEMLib_efm32_debug.a(em_gpio.o)
                0x00029cb4                GPIO_PinModeSet
 .text.BITBAND_Peripheral
                0x00029e6c       0x30 ./../Libraries/EMlib/debug/libEMLib_efm32_debug.a(em_i2c.o)
 .text.I2C_BusFreqSet
                0x00029e9c       0x94 ./../Libraries/EMlib/debug/libEMLib_efm32_debug.a(em_i2c.o)
                0x00029e9c                I2C_BusFreqSet
 .text.I2C_Enable
                0x00029f30       0x40 ./../Libraries/EMlib/debug/libEMLib_efm32_debug.a(em_i2c.o)
                0x00029f30                I2C_Enable
 .text.I2C_Init
                0x00029f70       0x84 ./../Libraries/EMlib/debug/libEMLib_efm32_debug.a(em_i2c.o)
                0x00029f70                I2C_Init
 .text.I2C_Transfer
                0x00029ff4      0x4ec ./../Libraries/EMlib/debug/libEMLib_efm32_debug.a(em_i2c.o)
                0x00029ff4                I2C_Transfer
 .text.I2C_TransferInit
                0x0002a4e0      0x104 ./../Libraries/EMlib/debug/libEMLib_efm32_debug.a(em_i2c.o)
                0x0002a4e0                I2C_TransferInit
 .text.USART_BaudrateAsyncSet
                0x0002a5e4       0xd0 ./../Libraries/EMlib/debug/libEMLib_efm32_debug.a(em_usart.o)
                0x0002a5e4                USART_BaudrateAsyncSet
 .text.USART_BaudrateSyncSet
                0x0002a6b4       0x7c ./../Libraries/EMlib/debug/libEMLib_efm32_debug.a(em_usart.o)
                0x0002a6b4                USART_BaudrateSyncSet
 .text.USART_InitAsync
                0x0002a730       0xbc ./../Libraries/EMlib/debug/libEMLib_efm32_debug.a(em_usart.o)
                0x0002a730                USART_InitAsync
 .text.USART_Reset
                0x0002a7ec       0xd8 ./../Libraries/EMlib/debug/libEMLib_efm32_debug.a(em_usart.o)
                0x0002a7ec                USART_Reset
 .text.SYSTEM_ChipRevisionGet
                0x0002a8c4       0x94 ./../Libraries/EMlib/debug/libEMLib_efm32_debug.a(em_system.o)
                0x0002a8c4                SYSTEM_ChipRevisionGet
 .text.NVIC_EnableIRQ
                0x0002a958       0x38 ./../Libraries/EMlib/debug/libEMLib_efm32_debug.a(em_usbd.o)
 .text.NVIC_ClearPendingIRQ
                0x0002a990       0x3c ./../Libraries/EMlib/debug/libEMLib_efm32_debug.a(em_usbd.o)
 .text.INT_Disable
                0x0002a9cc       0x40 ./../Libraries/EMlib/debug/libEMLib_efm32_debug.a(em_usbd.o)
 .text.INT_Enable
                0x0002aa0c       0x54 ./../Libraries/EMlib/debug/libEMLib_efm32_debug.a(em_usbd.o)
 .text.USBHAL_DisableGlobalInt
                0x0002aa60       0x34 ./../Libraries/EMlib/debug/libEMLib_efm32_debug.a(em_usbd.o)
 .text.USBHAL_EnableGlobalInt
                0x0002aa94       0x34 ./../Libraries/EMlib/debug/libEMLib_efm32_debug.a(em_usbd.o)
 .text.USBDHAL_EnableUsbResetAndSuspendInt
                0x0002aac8       0x38 ./../Libraries/EMlib/debug/libEMLib_efm32_debug.a(em_usbd.o)
 .text.USBDHAL_EpIsStalled
                0x0002ab00       0x3c ./../Libraries/EMlib/debug/libEMLib_efm32_debug.a(em_usbd.o)
 .text.USBDHAL_GetStallStatusEp
                0x0002ab3c       0xc0 ./../Libraries/EMlib/debug/libEMLib_efm32_debug.a(em_usbd.o)
 .text.USBDHAL_SetEp0InDmaPtr
                0x0002abfc       0x28 ./../Libraries/EMlib/debug/libEMLib_efm32_debug.a(em_usbd.o)
 .text.USBDHAL_SetEp0OutDmaPtr
                0x0002ac24       0x28 ./../Libraries/EMlib/debug/libEMLib_efm32_debug.a(em_usbd.o)
 .text.USBDHAL_StartEp0In
                0x0002ac4c       0x5c ./../Libraries/EMlib/debug/libEMLib_efm32_debug.a(em_usbd.o)
 .text.USBDHAL_StartEp0Out
                0x0002aca8       0x5c ./../Libraries/EMlib/debug/libEMLib_efm32_debug.a(em_usbd.o)
 .text.USBDHAL_StartEpIn
                0x0002ad04       0xc8 ./../Libraries/EMlib/debug/libEMLib_efm32_debug.a(em_usbd.o)
 .text.USBDHAL_StartEpOut
                0x0002adcc       0xd4 ./../Libraries/EMlib/debug/libEMLib_efm32_debug.a(em_usbd.o)
 .text.USBD_ArmEp
                0x0002aea0       0x28 ./../Libraries/EMlib/debug/libEMLib_efm32_debug.a(em_usbd.o)
 .text.USBD_ArmEp0
                0x0002aec8       0x88 ./../Libraries/EMlib/debug/libEMLib_efm32_debug.a(em_usbd.o)
 .text.USBD_ArmEpN
                0x0002af50       0x28 ./../Libraries/EMlib/debug/libEMLib_efm32_debug.a(em_usbd.o)
 .text.USBD_GetEpFromAddr
                0x0002af78       0xa0 ./../Libraries/EMlib/debug/libEMLib_efm32_debug.a(em_usbd.o)
 .text.USBD_Disconnect
                0x0002b018       0x14 ./../Libraries/EMlib/debug/libEMLib_efm32_debug.a(em_usbd.o)
                0x0002b018                USBD_Disconnect
 .text.USBD_GetUsbState
                0x0002b02c       0x1c ./../Libraries/EMlib/debug/libEMLib_efm32_debug.a(em_usbd.o)
                0x0002b02c                USBD_GetUsbState
 .text.USBD_Init
                0x0002b048      0x4fc ./../Libraries/EMlib/debug/libEMLib_efm32_debug.a(em_usbd.o)
                0x0002b048                USBD_Init
 .text.USBD_Read
                0x0002b544      0x108 ./../Libraries/EMlib/debug/libEMLib_efm32_debug.a(em_usbd.o)
                0x0002b544                USBD_Read
 .text.USBD_SetUsbState
                0x0002b64c       0x98 ./../Libraries/EMlib/debug/libEMLib_efm32_debug.a(em_usbd.o)
                0x0002b64c                USBD_SetUsbState
 .text.USBD_Write
                0x0002b6e4      0x10c ./../Libraries/EMlib/debug/libEMLib_efm32_debug.a(em_usbd.o)
                0x0002b6e4                USBD_Write
 .text.NVIC_ClearPendingIRQ
                0x0002b7f0       0x3c ./../Libraries/EMlib/debug/libEMLib_efm32_debug.a(em_usbhal.o)
 .text.INT_Disable
                0x0002b82c       0x40 ./../Libraries/EMlib/debug/libEMLib_efm32_debug.a(em_usbhal.o)
 .text.INT_Enable
                0x0002b86c       0x54 ./../Libraries/EMlib/debug/libEMLib_efm32_debug.a(em_usbhal.o)
 .text.USBHAL_FlushRxFifo
                0x0002b8c0       0x3c ./../Libraries/EMlib/debug/libEMLib_efm32_debug.a(em_usbhal.o)
 .text.USBHAL_FlushTxFifo
                0x0002b8fc       0x4c ./../Libraries/EMlib/debug/libEMLib_efm32_debug.a(em_usbhal.o)
 .text.USBDHAL_DeactivateEp
                0x0002b948       0x88 ./../Libraries/EMlib/debug/libEMLib_efm32_debug.a(em_usbhal.o)
 .text.USBDHAL_GetInEpInts
                0x0002b9d0       0x44 ./../Libraries/EMlib/debug/libEMLib_efm32_debug.a(em_usbhal.o)
 .text.USBDHAL_GetOutEpInts
                0x0002ba14       0x44 ./../Libraries/EMlib/debug/libEMLib_efm32_debug.a(em_usbhal.o)
 .text.USBDHAL_SetEPDISNAK
                0x0002ba58       0xac ./../Libraries/EMlib/debug/libEMLib_efm32_debug.a(em_usbhal.o)
 .text.USBD_GetEpFromAddr
                0x0002bb04       0xa0 ./../Libraries/EMlib/debug/libEMLib_efm32_debug.a(em_usbhal.o)
 .text.USBHAL_CoreReset
                0x0002bba4       0xbc ./../Libraries/EMlib/debug/libEMLib_efm32_debug.a(em_usbhal.o)
                0x0002bba4                USBHAL_CoreReset
 .text.USBDHAL_CoreInit
                0x0002bc60      0x3ec ./../Libraries/EMlib/debug/libEMLib_efm32_debug.a(em_usbhal.o)
                0x0002bc60                USBDHAL_CoreInit
 .text.USBDHAL_Disconnect
                0x0002c04c       0x3c ./../Libraries/EMlib/debug/libEMLib_efm32_debug.a(em_usbhal.o)
                0x0002c04c                USBDHAL_Disconnect
 .text.USBDHAL_AbortAllEps
                0x0002c088      0x53c ./../Libraries/EMlib/debug/libEMLib_efm32_debug.a(em_usbhal.o)
                0x0002c088                USBDHAL_AbortAllEps
 .text.USBDHAL_AbortAllTransfers
                0x0002c5c4       0xc8 ./../Libraries/EMlib/debug/libEMLib_efm32_debug.a(em_usbhal.o)
                0x0002c5c4                USBDHAL_AbortAllTransfers
 .text.USBDHAL_ReenableEp0Setup
                0x0002c68c       0x60 ./../Libraries/EMlib/debug/libEMLib_efm32_debug.a(em_usbdep.o)
 .text.USBDHAL_StallEp
                0x0002c6ec       0xcc ./../Libraries/EMlib/debug/libEMLib_efm32_debug.a(em_usbdep.o)
 .text.USBDHAL_StartEp0In
                0x0002c7b8       0x5c ./../Libraries/EMlib/debug/libEMLib_efm32_debug.a(em_usbdep.o)
 .text.USBDHAL_StartEp0Out
                0x0002c814       0x5c ./../Libraries/EMlib/debug/libEMLib_efm32_debug.a(em_usbdep.o)
 .text.USBD_GetEpFromAddr
                0x0002c870       0xa0 ./../Libraries/EMlib/debug/libEMLib_efm32_debug.a(em_usbdep.o)
 .text.USBD_ReArmEp0
                0x0002c910       0x64 ./../Libraries/EMlib/debug/libEMLib_efm32_debug.a(em_usbdep.o)
 .text.USBDEP_Ep0Handler
                0x0002c974      0x300 ./../Libraries/EMlib/debug/libEMLib_efm32_debug.a(em_usbdep.o)
                0x0002c974                USBDEP_Ep0Handler
 .text.USBDEP_EpHandler
                0x0002cc74       0x60 ./../Libraries/EMlib/debug/libEMLib_efm32_debug.a(em_usbdep.o)
                0x0002cc74                USBDEP_EpHandler
 .text.TIMER_CounterGet
                0x0002ccd4       0x18 ./../Libraries/EMlib/debug/libEMLib_efm32_debug.a(em_usbtimer.o)
 .text.TIMER_TopSet
                0x0002ccec       0x1c ./../Libraries/EMlib/debug/libEMLib_efm32_debug.a(em_usbtimer.o)
 .text.DelayTicks
                0x0002cd08       0x4c ./../Libraries/EMlib/debug/libEMLib_efm32_debug.a(em_usbtimer.o)
 .text.USBTIMER_DelayMs
                0x0002cd54       0x84 ./../Libraries/EMlib/debug/libEMLib_efm32_debug.a(em_usbtimer.o)
                0x0002cd54                USBTIMER_DelayMs
 .text.USBTIMER_DelayUs
                0x0002cdd8      0x124 ./../Libraries/EMlib/debug/libEMLib_efm32_debug.a(em_usbtimer.o)
                0x0002cdd8                USBTIMER_DelayUs
 .text.USBTIMER_Init
                0x0002cefc      0x188 ./../Libraries/EMlib/debug/libEMLib_efm32_debug.a(em_usbtimer.o)
                0x0002cefc                USBTIMER_Init
 .text.GetProdRev
                0x0002d084       0x1c ./../Libraries/EMlib/debug/libEMLib_efm32_debug.a(system_efm32gg.o)
 .text.SystemCoreClockGet
                0x0002d0a0       0x58 ./../Libraries/EMlib/debug/libEMLib_efm32_debug.a(system_efm32gg.o)
                0x0002d0a0                SystemCoreClockGet
 .text.SystemHFClockGet
                0x0002d0f8      0x110 ./../Libraries/EMlib/debug/libEMLib_efm32_debug.a(system_efm32gg.o)
                0x0002d0f8                SystemHFClockGet
 .text.SystemHFXOClockGet
                0x0002d208       0x18 ./../Libraries/EMlib/debug/libEMLib_efm32_debug.a(system_efm32gg.o)
                0x0002d208                SystemHFXOClockGet
 .text.SystemInit
                0x0002d220        0xc ./../Libraries/EMlib/debug/libEMLib_efm32_debug.a(system_efm32gg.o)
                0x0002d220                SystemInit
 .text.SystemLFRCOClockGet
                0x0002d22c       0x10 ./../Libraries/EMlib/debug/libEMLib_efm32_debug.a(system_efm32gg.o)
                0x0002d22c                SystemLFRCOClockGet
 .text.SystemULFRCOClockGet
                0x0002d23c       0x10 ./../Libraries/EMlib/debug/libEMLib_efm32_debug.a(system_efm32gg.o)
                0x0002d23c                SystemULFRCOClockGet
 .text.SystemLFXOClockGet
                0x0002d24c       0x18 ./../Libraries/EMlib/debug/libEMLib_efm32_debug.a(system_efm32gg.o)
                0x0002d24c                SystemLFXOClockGet
 .text.TIMER_Init
                0x0002d264      0x134 ./../Libraries/EMlib/debug/libEMLib_efm32_debug.a(em_timer.o)
                0x0002d264                TIMER_Init
 .text.TIMER_InitCC
                0x0002d398       0xec ./../Libraries/EMlib/debug/libEMLib_efm32_debug.a(em_timer.o)
                0x0002d398                TIMER_InitCC
 .text.USBDHAL_ActivateEp
                0x0002d484      0x148 ./../Libraries/EMlib/debug/libEMLib_efm32_debug.a(em_usbdch9.o)
 .text.USBDHAL_DeactivateEp
                0x0002d5cc       0x88 ./../Libraries/EMlib/debug/libEMLib_efm32_debug.a(em_usbdch9.o)
 .text.USBDHAL_GetStallStatusEp
                0x0002d654       0xc0 ./../Libraries/EMlib/debug/libEMLib_efm32_debug.a(em_usbdch9.o)
 .text.USBDHAL_SetAddr
                0x0002d714       0x3c ./../Libraries/EMlib/debug/libEMLib_efm32_debug.a(em_usbdch9.o)
 .text.USBDHAL_StallEp
                0x0002d750       0xcc ./../Libraries/EMlib/debug/libEMLib_efm32_debug.a(em_usbdch9.o)
 .text.USBDHAL_UnStallEp
                0x0002d81c       0xe4 ./../Libraries/EMlib/debug/libEMLib_efm32_debug.a(em_usbdch9.o)
 .text.USBD_ActivateAllEps
                0x0002d900       0x54 ./../Libraries/EMlib/debug/libEMLib_efm32_debug.a(em_usbdch9.o)
 .text.USBD_DeactivateAllEps
                0x0002d954       0x68 ./../Libraries/EMlib/debug/libEMLib_efm32_debug.a(em_usbdch9.o)
 .text.USBD_GetEpFromAddr
                0x0002d9bc       0xa0 ./../Libraries/EMlib/debug/libEMLib_efm32_debug.a(em_usbdch9.o)
 .text.USBDCH9_SetupCmd
                0x0002da5c       0xec ./../Libraries/EMlib/debug/libEMLib_efm32_debug.a(em_usbdch9.o)
                0x0002da5c                USBDCH9_SetupCmd
 .text.ClearFeature
                0x0002db48       0xcc ./../Libraries/EMlib/debug/libEMLib_efm32_debug.a(em_usbdch9.o)
 .text.GetConfiguration
                0x0002dc14       0xb8 ./../Libraries/EMlib/debug/libEMLib_efm32_debug.a(em_usbdch9.o)
 .text.GetDescriptor
                0x0002dccc      0x10c ./../Libraries/EMlib/debug/libEMLib_efm32_debug.a(em_usbdch9.o)
 .text.GetInterface
                0x0002ddd8       0x94 ./../Libraries/EMlib/debug/libEMLib_efm32_debug.a(em_usbdch9.o)
 .text.GetStatus
                0x0002de6c      0x1b4 ./../Libraries/EMlib/debug/libEMLib_efm32_debug.a(em_usbdch9.o)
 .text.SetAddress
                0x0002e020       0xb4 ./../Libraries/EMlib/debug/libEMLib_efm32_debug.a(em_usbdch9.o)
 .text.SetConfiguration
                0x0002e0d4      0x10c ./../Libraries/EMlib/debug/libEMLib_efm32_debug.a(em_usbdch9.o)
 .text.SetFeature
                0x0002e1e0      0x100 ./../Libraries/EMlib/debug/libEMLib_efm32_debug.a(em_usbdch9.o)
 .text.SetInterface
                0x0002e2e0       0x68 ./../Libraries/EMlib/debug/libEMLib_efm32_debug.a(em_usbdch9.o)
 .text.bme280_init
                0x0002e348       0xcc ./../Libraries/BSTLib/debug/libBSTLib_efm32_debug.a(bme280.o)
                0x0002e348                bme280_init
 .text.bme280_compensate_temperature_int32
                0x0002e414       0xd0 ./../Libraries/BSTLib/debug/libBSTLib_efm32_debug.a(bme280.o)
                0x0002e414                bme280_compensate_temperature_int32
 .text.bme280_compensate_pressure_int32
                0x0002e4e4      0x1d4 ./../Libraries/BSTLib/debug/libBSTLib_efm32_debug.a(bme280.o)
                0x0002e4e4                bme280_compensate_pressure_int32
 .text.bme280_compensate_humidity_int32
                0x0002e6b8      0x110 ./../Libraries/BSTLib/debug/libBSTLib_efm32_debug.a(bme280.o)
                0x0002e6b8                bme280_compensate_humidity_int32
 .text.bme280_read_uncomp_pressure_temperature_humidity
                0x0002e7c8       0xe0 ./../Libraries/BSTLib/debug/libBSTLib_efm32_debug.a(bme280.o)
                0x0002e7c8                bme280_read_uncomp_pressure_temperature_humidity
 .text.bme280_read_pressure_temperature_humidity
                0x0002e8a8       0x8c ./../Libraries/BSTLib/debug/libBSTLib_efm32_debug.a(bme280.o)
                0x0002e8a8                bme280_read_pressure_temperature_humidity
 .text.bme280_get_calib_param
                0x0002e934      0x2d8 ./../Libraries/BSTLib/debug/libBSTLib_efm32_debug.a(bme280.o)
                0x0002e934                bme280_get_calib_param
 .text.bme280_set_oversamp_temperature
                0x0002ec0c      0x1e8 ./../Libraries/BSTLib/debug/libBSTLib_efm32_debug.a(bme280.o)
                0x0002ec0c                bme280_set_oversamp_temperature
 .text.bme280_set_oversamp_pressure
                0x0002edf4      0x1dc ./../Libraries/BSTLib/debug/libBSTLib_efm32_debug.a(bme280.o)
                0x0002edf4                bme280_set_oversamp_pressure
 .text.bme280_set_oversamp_humidity
                0x0002efd0      0x228 ./../Libraries/BSTLib/debug/libBSTLib_efm32_debug.a(bme280.o)
                0x0002efd0                bme280_set_oversamp_humidity
 .text.bme280_get_power_mode
                0x0002f1f8       0x74 ./../Libraries/BSTLib/debug/libBSTLib_efm32_debug.a(bme280.o)
                0x0002f1f8                bme280_get_power_mode
 .text.bme280_set_power_mode
                0x0002f26c      0x1e8 ./../Libraries/BSTLib/debug/libBSTLib_efm32_debug.a(bme280.o)
                0x0002f26c                bme280_set_power_mode
 .text.bme280_set_soft_rst
                0x0002f454       0x64 ./../Libraries/BSTLib/debug/libBSTLib_efm32_debug.a(bme280.o)
                0x0002f454                bme280_set_soft_rst
 .text.bme280_set_standby_durn
                0x0002f4b8      0x1e0 ./../Libraries/BSTLib/debug/libBSTLib_efm32_debug.a(bme280.o)
                0x0002f4b8                bme280_set_standby_durn
 .text.bme280_write_register
                0x0002f698       0x64 ./../Libraries/BSTLib/debug/libBSTLib_efm32_debug.a(bme280.o)
                0x0002f698                bme280_write_register
 .text.bme280_read_register
                0x0002f6fc       0x64 ./../Libraries/BSTLib/debug/libBSTLib_efm32_debug.a(bme280.o)
                0x0002f6fc                bme280_read_register
 .text.Retcode_Initialize
                0x0002f760       0x60 ./../Platform/Essentials/release/libEssentials_efm32.a(Retcode.o)
                0x0002f760                Retcode_Initialize
 .text.Retcode_RaiseError
                0x0002f7c0       0x24 ./../Platform/Essentials/release/libEssentials_efm32.a(Retcode.o)
                0x0002f7c0                Retcode_RaiseError
 .text.Retcode_RaiseErrorFromIsr
                0x0002f7e4       0x24 ./../Platform/Essentials/release/libEssentials_efm32.a(Retcode.o)
                0x0002f7e4                Retcode_RaiseErrorFromIsr
 .text.RTC_IntClear
                0x0002f808       0x20 ./../Platform/Essentials/release/libEssentials_efm32.a(Timer.o)
 .text.RTC_IntDisable
                0x0002f828       0x30 ./../Platform/Essentials/release/libEssentials_efm32.a(Timer.o)
 .text.RTC_IntGet
                0x0002f858       0x18 ./../Platform/Essentials/release/libEssentials_efm32.a(Timer.o)
 .text.TIMER_IntClear
                0x0002f870       0x1c ./../Platform/Essentials/release/libEssentials_efm32.a(Timer.o)
 .text.TIMER_IntDisable
                0x0002f88c       0x24 ./../Platform/Essentials/release/libEssentials_efm32.a(Timer.o)
 .text.TIMER_IntGet
                0x0002f8b0       0x18 ./../Platform/Essentials/release/libEssentials_efm32.a(Timer.o)
 .text.LETIMER_IntClear
                0x0002f8c8       0x1c ./../Platform/Essentials/release/libEssentials_efm32.a(Timer.o)
 .text.LETIMER_IntDisable
                0x0002f8e4       0x24 ./../Platform/Essentials/release/libEssentials_efm32.a(Timer.o)
 .text.LETIMER_IntGet
                0x0002f908       0x18 ./../Platform/Essentials/release/libEssentials_efm32.a(Timer.o)
 .text.MCU_Timer_Initialize
                0x0002f920       0xe4 ./../Platform/Essentials/release/libEssentials_efm32.a(Timer.o)
                0x0002f920                MCU_Timer_Initialize
 .text.MCU_Timer_Callback
                0x0002fa04       0x5c ./../Platform/Essentials/release/libEssentials_efm32.a(Timer.o)
                0x0002fa04                MCU_Timer_Callback
 .text.ValidateTimerHandle
                0x0002fa60       0x40 ./../Platform/Essentials/release/libEssentials_efm32.a(Timer.o)
 .text.getTimerEvent
                0x0002faa0       0xc8 ./../Platform/Essentials/release/libEssentials_efm32.a(Timer.o)
 .text.extractFlags_RTC
                0x0002fb68       0x9c ./../Platform/Essentials/release/libEssentials_efm32.a(Timer.o)
 .text.extractFlags_LETIMER
                0x0002fc04       0x9c ./../Platform/Essentials/release/libEssentials_efm32.a(Timer.o)
 .text.extractFlags_TIMER
                0x0002fca0       0xd0 ./../Platform/Essentials/release/libEssentials_efm32.a(Timer.o)
 .text.MCU_Timer_GetRtcHandle
                0x0002fd70       0x14 ./../Platform/Essentials/release/libEssentials_efm32.a(Timer.o)
                0x0002fd70                MCU_Timer_GetRtcHandle
 .text.MCU_Timer_HandleRtcIrq
                0x0002fd84       0x14 ./../Platform/Essentials/release/libEssentials_efm32.a(Timer.o)
                0x0002fd84                MCU_Timer_HandleRtcIrq
 .text.CmdProcessor_Initialize
                0x0002fd98       0xe0 ./../Platform/Utils/release/libUtils_efm32.a(CmdProcessor.o)
                0x0002fd98                CmdProcessor_Initialize
 .text.CmdProcessor_Enqueue
                0x0002fe78       0x74 ./../Platform/Utils/release/libUtils_efm32.a(CmdProcessor.o)
                0x0002fe78                CmdProcessor_Enqueue
 .text.Run      0x0002feec       0x14 ./../Platform/Utils/release/libUtils_efm32.a(CmdProcessor.o)
 .text.Dequeue  0x0002ff00       0x80 ./../Platform/Utils/release/libUtils_efm32.a(CmdProcessor.o)
 .text.NVM_Initialize
                0x0002ff80       0x4c ./../Platform/Drivers/release/libDrivers_efm32.a(BCDS_NVM.o)
                0x0002ff80                NVM_Initialize
 .text.objectConsistencyCheck
                0x0002ffcc       0x58 ./../Platform/Drivers/release/libDrivers_efm32.a(BCDS_NVM.o)
 .text.NVM_Read
                0x00030024       0x7c ./../Platform/Drivers/release/libDrivers_efm32.a(BCDS_NVM.o)
                0x00030024                NVM_Read
 .text.itemConsistencyCheck
                0x000300a0       0x50 ./../Platform/Drivers/release/libDrivers_efm32.a(BCDS_NVM.o)
 .text.NVM_Write
                0x000300f0       0x94 ./../Platform/Drivers/release/libDrivers_efm32.a(BCDS_NVM.o)
                0x000300f0                NVM_Write
 .text.NVM_Flush
                0x00030184       0x9c ./../Platform/Drivers/release/libDrivers_efm32.a(BCDS_NVM.o)
                0x00030184                NVM_Flush
 .text.sectionUpdateRequired
                0x00030220       0x8c ./../Platform/Drivers/release/libDrivers_efm32.a(BCDS_NVM.o)
 .text.NVM_ReadUInt8
                0x000302ac       0x40 ./../Platform/Drivers/release/libDrivers_efm32.a(BCDS_NVM.o)
                0x000302ac                NVM_ReadUInt8
 .text.NVM_WriteUInt8
                0x000302ec       0x40 ./../Platform/Drivers/release/libDrivers_efm32.a(BCDS_NVM.o)
                0x000302ec                NVM_WriteUInt8
 .text.isLittleEndianPlatform
                0x0003032c       0x30 ./../Platform/Drivers/release/libDrivers_efm32.a(BCDS_NVM.o)
 .text.NVM_IsEndiannessDifferent
                0x0003035c       0x54 ./../Platform/Drivers/release/libDrivers_efm32.a(BCDS_NVM.o)
 .text.NVM_SwapBytes
                0x000303b0       0xc4 ./../Platform/Drivers/release/libDrivers_efm32.a(BCDS_NVM.o)
 .text.NetworkConfig_SlNetAppEvtHdlr
                0x00030474       0xa0 ./../Platform/Wlan/release/libWlan_efm32.a(NetworkConfig.o)
                0x00030474                NetworkConfig_SlNetAppEvtHdlr
 .text.NetworkConfig_GetIpStatus
                0x00030514       0x18 ./../Platform/Wlan/release/libWlan_efm32.a(NetworkConfig.o)
                0x00030514                NetworkConfig_GetIpStatus
 .text.NetworkConfig_SetIpStatus
                0x0003052c       0x20 ./../Platform/Wlan/release/libWlan_efm32.a(NetworkConfig.o)
                0x0003052c                NetworkConfig_SetIpStatus
 .text.NetworkConfig_SetIpDhcp
                0x0003054c       0xac ./../Platform/Wlan/release/libWlan_efm32.a(NetworkConfig.o)
                0x0003054c                NetworkConfig_SetIpDhcp
 .text.NetworkConfig_GetIpAddress
                0x000305f8       0x78 ./../Platform/Wlan/release/libWlan_efm32.a(NetworkConfig.o)
                0x000305f8                NetworkConfig_GetIpAddress
 .text.connectNonBlockingCall
                0x00030670      0x184 ./../Platform/Wlan/release/libWlan_efm32.a(WlanConnect.o)
 .text.connectBlockingCall
                0x000307f4       0xb8 ./../Platform/Wlan/release/libWlan_efm32.a(WlanConnect.o)
 .text.WlanConnect_SlGeneralEventHdlr
                0x000308ac       0xa8 ./../Platform/Wlan/release/libWlan_efm32.a(WlanConnect.o)
                0x000308ac                WlanConnect_SlGeneralEventHdlr
 .text.WlanConnect_SLWlanEventHdlr
                0x00030954       0x5c ./../Platform/Wlan/release/libWlan_efm32.a(WlanConnect.o)
                0x00030954                WlanConnect_SLWlanEventHdlr
 .text.WlanConnect_GetInitStatus
                0x000309b0       0x18 ./../Platform/Wlan/release/libWlan_efm32.a(WlanConnect.o)
                0x000309b0                WlanConnect_GetInitStatus
 .text.WlanConnect_Init
                0x000309c8       0xd0 ./../Platform/Wlan/release/libWlan_efm32.a(WlanConnect.o)
                0x000309c8                WlanConnect_Init
 .text.NonBlockingTimer
                0x00030a98       0xa0 ./../Platform/Wlan/release/libWlan_efm32.a(WlanConnect.o)
 .text.WlanConnect_WPA
                0x00030b38       0xc4 ./../Platform/Wlan/release/libWlan_efm32.a(WlanConnect.o)
                0x00030b38                WlanConnect_WPA
 .text.OsTime2Tick
                0x00030bfc       0x44 ./../Platform/Wlan/release/libWlan_efm32.a(WlanDriver.o)
 .text.spiEventsCallbackFunc
                0x00030c40       0xd8 ./../Platform/Wlan/release/libWlan_efm32.a(WlanDriver.o)
 .text.CreateSpawnQAndTask
                0x00030d18       0x98 ./../Platform/Wlan/release/libWlan_efm32.a(WlanDriver.o)
 .text.WifiInterruptCallback
                0x00030db0       0x24 ./../Platform/Wlan/release/libWlan_efm32.a(WlanDriver.o)
 .text.WlanDriver_Init
                0x00030dd4       0xa8 ./../Platform/Wlan/release/libWlan_efm32.a(WlanDriver.o)
                0x00030dd4                WlanDriver_Init
 .text.WlanDriver_RegInterruptHdlr
                0x00030e7c       0x34 ./../Platform/Wlan/release/libWlan_efm32.a(WlanDriver.o)
                0x00030e7c                WlanDriver_RegInterruptHdlr
 .text.WlanDriver_SlHttpServerCb
                0x00030eb0       0x14 ./../Platform/Wlan/release/libWlan_efm32.a(WlanDriver.o)
                0x00030eb0                WlanDriver_SlHttpServerCb
 .text.WlanDriver_DeviceDisable
                0x00030ec4       0x10 ./../Platform/Wlan/release/libWlan_efm32.a(WlanDriver.o)
                0x00030ec4                WlanDriver_DeviceDisable
 .text.WlanDriver_DeviceEnable
                0x00030ed4       0x18 ./../Platform/Wlan/release/libWlan_efm32.a(WlanDriver.o)
                0x00030ed4                WlanDriver_DeviceEnable
 .text.WlanDriver_SpiClose
                0x00030eec       0x38 ./../Platform/Wlan/release/libWlan_efm32.a(WlanDriver.o)
                0x00030eec                WlanDriver_SpiClose
 .text.WlanDriver_SpiOpen
                0x00030f24       0x54 ./../Platform/Wlan/release/libWlan_efm32.a(WlanDriver.o)
                0x00030f24                WlanDriver_SpiOpen
 .text.WlanDriver_SpiWrite
                0x00030f78       0x9c ./../Platform/Wlan/release/libWlan_efm32.a(WlanDriver.o)
                0x00030f78                WlanDriver_SpiWrite
 .text.WlanDriver_SpiRead
                0x00031014       0x9c ./../Platform/Wlan/release/libWlan_efm32.a(WlanDriver.o)
                0x00031014                WlanDriver_SpiRead
 .text.WlanDriver_OsSyncObjectCreate
                0x000310b0       0x3c ./../Platform/Wlan/release/libWlan_efm32.a(WlanDriver.o)
                0x000310b0                WlanDriver_OsSyncObjectCreate
 .text.WlanDriver_OsSyncObjectDelete
                0x000310ec       0x30 ./../Platform/Wlan/release/libWlan_efm32.a(WlanDriver.o)
                0x000310ec                WlanDriver_OsSyncObjectDelete
 .text.WlanDriver_OsSyncObjectSignal
                0x0003111c       0x3c ./../Platform/Wlan/release/libWlan_efm32.a(WlanDriver.o)
                0x0003111c                WlanDriver_OsSyncObjectSignal
 .text.WlanDriver_OsSyncSignalFromISR
                0x00031158       0x54 ./../Platform/Wlan/release/libWlan_efm32.a(WlanDriver.o)
                0x00031158                WlanDriver_OsSyncSignalFromISR
 .text.WlanDriver_OsSyncObjectWait
                0x000311ac       0x4c ./../Platform/Wlan/release/libWlan_efm32.a(WlanDriver.o)
                0x000311ac                WlanDriver_OsSyncObjectWait
 .text.WlanDriver_OsLockObjectCreate
                0x000311f8       0x34 ./../Platform/Wlan/release/libWlan_efm32.a(WlanDriver.o)
                0x000311f8                WlanDriver_OsLockObjectCreate
 .text.WlanDriver_OsLockObjectDelete
                0x0003122c       0x2c ./../Platform/Wlan/release/libWlan_efm32.a(WlanDriver.o)
                0x0003122c                WlanDriver_OsLockObjectDelete
 .text.WlanDriver_OsLockObjectWait
                0x00031258       0x4c ./../Platform/Wlan/release/libWlan_efm32.a(WlanDriver.o)
                0x00031258                WlanDriver_OsLockObjectWait
 .text.WlanDriver_OsLockUnlock
                0x000312a4       0x44 ./../Platform/Wlan/release/libWlan_efm32.a(WlanDriver.o)
                0x000312a4                WlanDriver_OsLockUnlock
 .text.WlanDriver_SimpleLinkSpawnTask
                0x000312e8       0x60 ./../Platform/Wlan/release/libWlan_efm32.a(WlanDriver.o)
                0x000312e8                WlanDriver_SimpleLinkSpawnTask
 .text.WlanDriver_OsiSpawn
                0x00031348       0xa4 ./../Platform/Wlan/release/libWlan_efm32.a(WlanDriver.o)
                0x00031348                WlanDriver_OsiSpawn
 .text.BlePeripheral_SetMacAddress
                0x000313ec       0x40 ./../Platform/BLE/release/libBLE_efm32.a(BlePeripheral.o)
                0x000313ec                BlePeripheral_SetMacAddress
 .text.Ip_convertAddrToString
                0x0003142c       0x60 ./../Platform/ServalPAL/release/libServalPal_efm32.a(PalIp.o)
                0x0003142c                Ip_convertAddrToString
 .text.Ip_convertOctetsToAddr
                0x0003148c       0x44 ./../Platform/ServalPAL/release/libServalPal_efm32.a(PalIp.o)
                0x0003148c                Ip_convertOctetsToAddr
 .text.Ip_convertIntToPort
                0x000314d0       0x20 ./../Platform/ServalPAL/release/libServalPal_efm32.a(PalIp.o)
                0x000314d0                Ip_convertIntToPort
 .text.Ip_convertPortToInt
                0x000314f0       0x20 ./../Platform/ServalPAL/release/libServalPal_efm32.a(PalIp.o)
                0x000314f0                Ip_convertPortToInt
 .text.ServalPal_Initialize
                0x00031510       0x34 ./../Platform/ServalPAL/release/libServalPal_efm32.a(ServalPal.o)
                0x00031510                ServalPal_Initialize
 .text.Callable_isAssigned